<!doctype html public "-//w3c//dtd html 4.0 transitional//en">
<html><head>
<title>Static Call Graph - [debug\host_msd_fatfs_freertos.out]</title></head>
<body><HR>
<H1>Static Call Graph for image debug\host_msd_fatfs_freertos.out</H1><HR>
<BR><P>#&#060CALLGRAPH&#062# ARM Linker, 5060750: Last Updated: Fri Apr 03 16:31:39 2020
<BR><P>
<H3>Maximum Stack Usage =       1352 bytes + Unknown(Cycles, Untraceable Function Pointers)</H3><H3>
Call chain for Maximum Stack Depth:</H3>
USB_HostApplicationTask &rArr; USB_HostMsdTask &rArr; USB_HostMsdFatfsTest &rArr; f_printf &rArr; putc_bfd &rArr; f_write &rArr; create_chain &rArr; put_fat &rArr; move_window &rArr; sync_window &rArr; disk_write &rArr; USB_HostMsdWriteDisk &rArr; USB_HostMsdWrite10 &rArr; USB_HostMsdCommand &rArr; USB_HostMsdProcessCommand &rArr; USB_HostSend &rArr; USB_OsaMutexUnlock &rArr; xQueueGiveMutexRecursive &rArr; xQueueGenericSend &rArr; vTaskPlaceOnEventList &rArr; prvAddCurrentTaskToDelayedList &rArr; vListInsert
<P>
<H3>
Mutually Recursive functions
</H3> <LI><a href="#[10]">NMI_Handler</a>&nbsp;&nbsp;&nbsp;&rArr;&nbsp;&nbsp;&nbsp;<a href="#[10]">NMI_Handler</a><BR>
 <LI><a href="#[11]">HardFault_Handler</a>&nbsp;&nbsp;&nbsp;&rArr;&nbsp;&nbsp;&nbsp;<a href="#[11]">HardFault_Handler</a><BR>
 <LI><a href="#[12]">MemManage_Handler</a>&nbsp;&nbsp;&nbsp;&rArr;&nbsp;&nbsp;&nbsp;<a href="#[12]">MemManage_Handler</a><BR>
 <LI><a href="#[13]">BusFault_Handler</a>&nbsp;&nbsp;&nbsp;&rArr;&nbsp;&nbsp;&nbsp;<a href="#[13]">BusFault_Handler</a><BR>
 <LI><a href="#[14]">UsageFault_Handler</a>&nbsp;&nbsp;&nbsp;&rArr;&nbsp;&nbsp;&nbsp;<a href="#[14]">UsageFault_Handler</a><BR>
 <LI><a href="#[16]">DebugMon_Handler</a>&nbsp;&nbsp;&nbsp;&rArr;&nbsp;&nbsp;&nbsp;<a href="#[16]">DebugMon_Handler</a><BR>
 <LI><a href="#[6b]">ADC0_SEQA_DriverIRQHandler</a>&nbsp;&nbsp;&nbsp;&rArr;&nbsp;&nbsp;&nbsp;<a href="#[6b]">ADC0_SEQA_DriverIRQHandler</a><BR>
 <LI><a href="#[365]">WM__SendMessage</a>&nbsp;&nbsp;&nbsp;&rArr;&nbsp;&nbsp;&nbsp;<a href="#[14c]">WM_DefaultProc</a><BR>
 <LI><a href="#[375]">WM__InvalidateRect</a>&nbsp;&nbsp;&nbsp;&rArr;&nbsp;&nbsp;&nbsp;<a href="#[375]">WM__InvalidateRect</a><BR>
 <LI><a href="#[360]">WM_InvalidateWindowAndDescsEx</a>&nbsp;&nbsp;&nbsp;&rArr;&nbsp;&nbsp;&nbsp;<a href="#[360]">WM_InvalidateWindowAndDescsEx</a><BR>
 <LI><a href="#[35b]">WM__InvalidateDrawAndDescs</a>&nbsp;&nbsp;&nbsp;&rArr;&nbsp;&nbsp;&nbsp;<a href="#[35b]">WM__InvalidateDrawAndDescs</a><BR>
 <LI><a href="#[376]">_MoveDescendents</a>&nbsp;&nbsp;&nbsp;&rArr;&nbsp;&nbsp;&nbsp;<a href="#[376]">_MoveDescendents</a><BR>
 <LI><a href="#[366]">WM_ResizeWindow</a>&nbsp;&nbsp;&nbsp;&rArr;&nbsp;&nbsp;&nbsp;<a href="#[335]">WM__UpdateChildPositions</a><BR>
 <LI><a href="#[350]">WM__ForEachDesc</a>&nbsp;&nbsp;&nbsp;&rArr;&nbsp;&nbsp;&nbsp;<a href="#[350]">WM__ForEachDesc</a><BR>
 <LI><a href="#[39b]">_Findy1</a>&nbsp;&nbsp;&nbsp;&rArr;&nbsp;&nbsp;&nbsp;<a href="#[39b]">_Findy1</a><BR>
 <LI><a href="#[39d]">_Findx1</a>&nbsp;&nbsp;&nbsp;&rArr;&nbsp;&nbsp;&nbsp;<a href="#[39d]">_Findx1</a><BR>
 <LI><a href="#[39c]">_Findx0</a>&nbsp;&nbsp;&nbsp;&rArr;&nbsp;&nbsp;&nbsp;<a href="#[39c]">_Findx0</a><BR>
 <LI><a href="#[192]">DbgConsole_SendDataReliable</a>&nbsp;&nbsp;&nbsp;&rArr;&nbsp;&nbsp;&nbsp;<a href="#[139]">__aeabi_assert</a><BR>
 <LI><a href="#[288]">SerialManager_Write</a>&nbsp;&nbsp;&nbsp;&rArr;&nbsp;&nbsp;&nbsp;<a href="#[139]">__aeabi_assert</a><BR>
 <LI><a href="#[287]">Serial_UartWrite</a>&nbsp;&nbsp;&nbsp;&rArr;&nbsp;&nbsp;&nbsp;<a href="#[139]">__aeabi_assert</a><BR>
 <LI><a href="#[258]">HAL_UartSendBlocking</a>&nbsp;&nbsp;&nbsp;&rArr;&nbsp;&nbsp;&nbsp;<a href="#[139]">__aeabi_assert</a><BR>
 <LI><a href="#[259]">USART_WriteBlocking</a>&nbsp;&nbsp;&nbsp;&rArr;&nbsp;&nbsp;&nbsp;<a href="#[139]">__aeabi_assert</a><BR>
 <LI><a href="#[37e]">_PopFreeBlock</a>&nbsp;&nbsp;&nbsp;&rArr;&nbsp;&nbsp;&nbsp;<a href="#[398]">_EnlargeBlocks</a><BR>
 <LI><a href="#[1bc]">_Alloc</a>&nbsp;&nbsp;&nbsp;&rArr;&nbsp;&nbsp;&nbsp;<a href="#[1c2]">_InitOnce</a><BR>
 <LI><a href="#[2ad]">USB_HostHubGetTotalThinkTime</a>&nbsp;&nbsp;&nbsp;&rArr;&nbsp;&nbsp;&nbsp;<a href="#[2ac]">USB_HostHelperGetPeripheralInformation</a><BR>
 <LI><a href="#[2b8]">USB_HostHubDeviceEvent</a>&nbsp;&nbsp;&nbsp;&rArr;&nbsp;&nbsp;&nbsp;<a href="#[2a7]">USB_HostDetachDeviceInternal</a><BR>
 <LI><a href="#[34b]">_DeleteAllChildren</a>&nbsp;&nbsp;&nbsp;&rArr;&nbsp;&nbsp;&nbsp;<a href="#[348]">WM_DeleteWindow</a><BR>
 <LI><a href="#[37a]">_PaintTransChildren</a>&nbsp;&nbsp;&nbsp;&rArr;&nbsp;&nbsp;&nbsp;<a href="#[37a]">_PaintTransChildren</a><BR>
</UL>
<P>
<H3>
Function Pointers
</H3><UL>
 <LI><a href="#[6b]">ADC0_SEQA_DriverIRQHandler</a> from startup_lpc54608.o(.text) referenced from startup_lpc54608.o(.text)
 <LI><a href="#[2f]">ADC0_SEQA_IRQHandler</a> from startup_lpc54608.o(.text) referenced from startup_lpc54608.o(RESET)
 <LI><a href="#[6c]">ADC0_SEQB_DriverIRQHandler</a> from startup_lpc54608.o(.text) referenced from startup_lpc54608.o(.text)
 <LI><a href="#[30]">ADC0_SEQB_IRQHandler</a> from startup_lpc54608.o(.text) referenced from startup_lpc54608.o(RESET)
 <LI><a href="#[6d]">ADC0_THCMP_DriverIRQHandler</a> from startup_lpc54608.o(.text) referenced from startup_lpc54608.o(.text)
 <LI><a href="#[31]">ADC0_THCMP_IRQHandler</a> from startup_lpc54608.o(.text) referenced from startup_lpc54608.o(RESET)
 <LI><a href="#[8e]">BUTTON_Callback</a> from BUTTON.o(i.BUTTON_Callback) referenced from BUTTON.o(i.BUTTON_CreateUser)
 <LI><a href="#[1]">BUTTON_DrawSkinFlex</a> from BUTTON_SkinFlex.o(i.BUTTON_DrawSkinFlex) referenced 2 times from BUTTON.o(.data)
 <LI><a href="#[13]">BusFault_Handler</a> from startup_lpc54608.o(.text) referenced from startup_lpc54608.o(RESET)
 <LI><a href="#[80]">CAN0_IRQ0_DriverIRQHandler</a> from startup_lpc54608.o(.text) referenced from startup_lpc54608.o(.text)
 <LI><a href="#[44]">CAN0_IRQ0_IRQHandler</a> from startup_lpc54608.o(.text) referenced from startup_lpc54608.o(RESET)
 <LI><a href="#[81]">CAN0_IRQ1_DriverIRQHandler</a> from startup_lpc54608.o(.text) referenced from startup_lpc54608.o(.text)
 <LI><a href="#[45]">CAN0_IRQ1_IRQHandler</a> from startup_lpc54608.o(.text) referenced from startup_lpc54608.o(RESET)
 <LI><a href="#[82]">CAN1_IRQ0_DriverIRQHandler</a> from startup_lpc54608.o(.text) referenced from startup_lpc54608.o(.text)
 <LI><a href="#[46]">CAN1_IRQ0_IRQHandler</a> from startup_lpc54608.o(.text) referenced from startup_lpc54608.o(RESET)
 <LI><a href="#[83]">CAN1_IRQ1_DriverIRQHandler</a> from startup_lpc54608.o(.text) referenced from startup_lpc54608.o(.text)
 <LI><a href="#[47]">CAN1_IRQ1_IRQHandler</a> from startup_lpc54608.o(.text) referenced from startup_lpc54608.o(RESET)
 <LI><a href="#[5f]">CTIMER0_DriverIRQHandler</a> from startup_lpc54608.o(.text) referenced from startup_lpc54608.o(.text)
 <LI><a href="#[23]">CTIMER0_IRQHandler</a> from startup_lpc54608.o(.text) referenced from startup_lpc54608.o(RESET)
 <LI><a href="#[60]">CTIMER1_DriverIRQHandler</a> from startup_lpc54608.o(.text) referenced from startup_lpc54608.o(.text)
 <LI><a href="#[24]">CTIMER1_IRQHandler</a> from startup_lpc54608.o(.text) referenced from startup_lpc54608.o(RESET)
 <LI><a href="#[79]">CTIMER2_DriverIRQHandler</a> from startup_lpc54608.o(.text) referenced from startup_lpc54608.o(.text)
 <LI><a href="#[3d]">CTIMER2_IRQHandler</a> from startup_lpc54608.o(.text) referenced from startup_lpc54608.o(RESET)
 <LI><a href="#[62]">CTIMER3_DriverIRQHandler</a> from startup_lpc54608.o(.text) referenced from startup_lpc54608.o(.text)
 <LI><a href="#[26]">CTIMER3_IRQHandler</a> from startup_lpc54608.o(.text) referenced from startup_lpc54608.o(RESET)
 <LI><a href="#[7a]">CTIMER4_DriverIRQHandler</a> from startup_lpc54608.o(.text) referenced from startup_lpc54608.o(.text)
 <LI><a href="#[3e]">CTIMER4_IRQHandler</a> from startup_lpc54608.o(.text) referenced from startup_lpc54608.o(RESET)
 <LI><a href="#[56]">DMA0_DriverIRQHandler</a> from startup_lpc54608.o(.text) referenced from startup_lpc54608.o(.text)
 <LI><a href="#[1a]">DMA0_IRQHandler</a> from startup_lpc54608.o(.text) referenced from startup_lpc54608.o(RESET)
 <LI><a href="#[6e]">DMIC0_DriverIRQHandler</a> from startup_lpc54608.o(.text) referenced from startup_lpc54608.o(.text)
 <LI><a href="#[32]">DMIC0_IRQHandler</a> from startup_lpc54608.o(.text) referenced from startup_lpc54608.o(RESET)
 <LI><a href="#[91]">DbgConsole_PrintCallback</a> from fsl_debug_console.o(i.DbgConsole_PrintCallback) referenced from fsl_debug_console.o(i.DbgConsole_Printf)
 <LI><a href="#[16]">DebugMon_Handler</a> from startup_lpc54608.o(.text) referenced from startup_lpc54608.o(RESET)
 <LI><a href="#[89]">EEPROM_DriverIRQHandler</a> from startup_lpc54608.o(.text) referenced from startup_lpc54608.o(.text)
 <LI><a href="#[4d]">EEPROM_IRQHandler</a> from startup_lpc54608.o(.text) referenced from startup_lpc54608.o(RESET)
 <LI><a href="#[86]">ETHERNET_DriverIRQHandler</a> from startup_lpc54608.o(.text) referenced from startup_lpc54608.o(.text)
 <LI><a href="#[4a]">ETHERNET_IRQHandler</a> from startup_lpc54608.o(.text) referenced from startup_lpc54608.o(RESET)
 <LI><a href="#[88]">ETHERNET_MACLP_DriverIRQHandler</a> from startup_lpc54608.o(.text) referenced from startup_lpc54608.o(.text)
 <LI><a href="#[4c]">ETHERNET_MACLP_IRQHandler</a> from startup_lpc54608.o(.text) referenced from startup_lpc54608.o(RESET)
 <LI><a href="#[87]">ETHERNET_PMT_DriverIRQHandler</a> from startup_lpc54608.o(.text) referenced from startup_lpc54608.o(.text)
 <LI><a href="#[4b]">ETHERNET_PMT_IRQHandler</a> from startup_lpc54608.o(.text) referenced from startup_lpc54608.o(RESET)
 <LI><a href="#[63]">FLEXCOMM0_DriverIRQHandler</a> from fsl_flexcomm.o(i.FLEXCOMM0_DriverIRQHandler) referenced from startup_lpc54608.o(.text)
 <LI><a href="#[27]">FLEXCOMM0_IRQHandler</a> from startup_lpc54608.o(.text) referenced from startup_lpc54608.o(RESET)
 <LI><a href="#[64]">FLEXCOMM1_DriverIRQHandler</a> from fsl_flexcomm.o(i.FLEXCOMM1_DriverIRQHandler) referenced from startup_lpc54608.o(.text)
 <LI><a href="#[28]">FLEXCOMM1_IRQHandler</a> from startup_lpc54608.o(.text) referenced from startup_lpc54608.o(RESET)
 <LI><a href="#[65]">FLEXCOMM2_DriverIRQHandler</a> from fsl_flexcomm.o(i.FLEXCOMM2_DriverIRQHandler) referenced from startup_lpc54608.o(.text)
 <LI><a href="#[29]">FLEXCOMM2_IRQHandler</a> from startup_lpc54608.o(.text) referenced from startup_lpc54608.o(RESET)
 <LI><a href="#[66]">FLEXCOMM3_DriverIRQHandler</a> from fsl_flexcomm.o(i.FLEXCOMM3_DriverIRQHandler) referenced from startup_lpc54608.o(.text)
 <LI><a href="#[2a]">FLEXCOMM3_IRQHandler</a> from startup_lpc54608.o(.text) referenced from startup_lpc54608.o(RESET)
 <LI><a href="#[67]">FLEXCOMM4_DriverIRQHandler</a> from fsl_flexcomm.o(i.FLEXCOMM4_DriverIRQHandler) referenced from startup_lpc54608.o(.text)
 <LI><a href="#[2b]">FLEXCOMM4_IRQHandler</a> from startup_lpc54608.o(.text) referenced from startup_lpc54608.o(RESET)
 <LI><a href="#[68]">FLEXCOMM5_DriverIRQHandler</a> from fsl_flexcomm.o(i.FLEXCOMM5_DriverIRQHandler) referenced from startup_lpc54608.o(.text)
 <LI><a href="#[2c]">FLEXCOMM5_IRQHandler</a> from startup_lpc54608.o(.text) referenced from startup_lpc54608.o(RESET)
 <LI><a href="#[69]">FLEXCOMM6_DriverIRQHandler</a> from fsl_flexcomm.o(i.FLEXCOMM6_DriverIRQHandler) referenced from startup_lpc54608.o(.text)
 <LI><a href="#[2d]">FLEXCOMM6_IRQHandler</a> from startup_lpc54608.o(.text) referenced from startup_lpc54608.o(RESET)
 <LI><a href="#[6a]">FLEXCOMM7_DriverIRQHandler</a> from fsl_flexcomm.o(i.FLEXCOMM7_DriverIRQHandler) referenced from startup_lpc54608.o(.text)
 <LI><a href="#[2e]">FLEXCOMM7_IRQHandler</a> from startup_lpc54608.o(.text) referenced from startup_lpc54608.o(RESET)
 <LI><a href="#[7d]">FLEXCOMM8_DriverIRQHandler</a> from fsl_flexcomm.o(i.FLEXCOMM8_DriverIRQHandler) referenced from startup_lpc54608.o(.text)
 <LI><a href="#[41]">FLEXCOMM8_IRQHandler</a> from startup_lpc54608.o(.text) referenced from startup_lpc54608.o(RESET)
 <LI><a href="#[7e]">FLEXCOMM9_DriverIRQHandler</a> from fsl_flexcomm.o(i.FLEXCOMM9_DriverIRQHandler) referenced from startup_lpc54608.o(.text)
 <LI><a href="#[42]">FLEXCOMM9_IRQHandler</a> from startup_lpc54608.o(.text) referenced from startup_lpc54608.o(RESET)
 <LI><a href="#[57]">GINT0_DriverIRQHandler</a> from startup_lpc54608.o(.text) referenced from startup_lpc54608.o(.text)
 <LI><a href="#[1b]">GINT0_IRQHandler</a> from startup_lpc54608.o(.text) referenced from startup_lpc54608.o(RESET)
 <LI><a href="#[58]">GINT1_DriverIRQHandler</a> from startup_lpc54608.o(.text) referenced from startup_lpc54608.o(.text)
 <LI><a href="#[1c]">GINT1_IRQHandler</a> from startup_lpc54608.o(.text) referenced from startup_lpc54608.o(RESET)
 <LI><a href="#[e3]">GUIMONO_DispChar</a> from GUI_CharM.o(i.GUIMONO_DispChar) referenced from F6x8.o(.constdata)
 <LI><a href="#[e4]">GUIMONO_GetCharDistX</a> from GUI_CharM.o(i.GUIMONO_GetCharDistX) referenced from F6x8.o(.constdata)
 <LI><a href="#[e5]">GUIMONO_GetFontInfo</a> from GUI_CharM.o(i.GUIMONO_GetFontInfo) referenced from F6x8.o(.constdata)
 <LI><a href="#[e6]">GUIMONO_IsInFont</a> from GUI_CharM.o(i.GUIMONO_IsInFont) referenced from F6x8.o(.constdata)
 <LI><a href="#[f9]">GUIPROP_DispChar</a> from GUI_CharP.o(i.GUIPROP_DispChar) referenced from F13_1.o(.constdata)
 <LI><a href="#[fa]">GUIPROP_GetCharDistX</a> from GUI_CharP.o(i.GUIPROP_GetCharDistX) referenced from F13_1.o(.constdata)
 <LI><a href="#[fb]">GUIPROP_GetFontInfo</a> from GUI_CharP.o(i.GUIPROP_GetFontInfo) referenced from F13_1.o(.constdata)
 <LI><a href="#[fc]">GUIPROP_IsInFont</a> from GUI_CharP.o(i.GUIPROP_IsInFont) referenced from F13_1.o(.constdata)
 <LI><a href="#[bf]">GUI_MEMDEV_Paint1Static</a> from GUIDEV_StaticDevices.o(i.GUI_MEMDEV_Paint1Static) referenced from WM.o(i._Paint1)
 <LI><a href="#[be]">GUI_MEMDEV__WriteToActiveAlpha</a> from GUIDEV_WriteToActiveAlpha.o(i.GUI_MEMDEV__WriteToActiveAlpha) referenced from GUIDEV_32.o(i._GetDevFunc)
 <LI><a href="#[bd]">GUI_MEMDEV__WriteToActiveOpaque</a> from GUIDEV_WriteToActiveOpaque.o(i.GUI_MEMDEV__WriteToActiveOpaque) referenced from GUIDEV_16.o(i._GetDevFunc)
 <LI><a href="#[111]">GUI_USAGE_BM_AddHLine</a> from GUIDEV_UsageBM.o(i.GUI_USAGE_BM_AddHLine) referenced from GUIDEV_UsageBM.o(.constdata)
 <LI><a href="#[110]">GUI_USAGE_BM_AddPixel</a> from GUIDEV_UsageBM.o(i.GUI_USAGE_BM_AddPixel) referenced from GUIDEV_UsageBM.o(.constdata)
 <LI><a href="#[112]">GUI_USAGE_BM_Clear</a> from GUIDEV_UsageBM.o(i.GUI_USAGE_BM_Clear) referenced from GUIDEV_UsageBM.o(.constdata)
 <LI><a href="#[114]">GUI_USAGE_BM_GetNextDirty</a> from GUIDEV_UsageBM.o(i.GUI_USAGE_BM_GetNextDirty) referenced from GUIDEV_UsageBM.o(.constdata)
 <LI><a href="#[b]">GUI_X_ExecIdle</a> from emwin_config.o(i.GUI_X_ExecIdle) referenced 2 times from GUI_WaitEvent.o(.data)
 <LI><a href="#[d]">GUI__MixColors</a> from GUI__Alpha.o(i.GUI__MixColors) referenced 2 times from GUI__Alpha.o(.data)
 <LI><a href="#[e]">GUI__MixColorsBulk</a> from GUI__Alpha.o(i.GUI__MixColorsBulk) referenced 2 times from GUI__Alpha.o(.data)
 <LI><a href="#[6f]">HWVAD0_DriverIRQHandler</a> from startup_lpc54608.o(.text) referenced from startup_lpc54608.o(.text)
 <LI><a href="#[33]">HWVAD0_IRQHandler</a> from startup_lpc54608.o(.text) referenced from startup_lpc54608.o(RESET)
 <LI><a href="#[11]">HardFault_Handler</a> from startup_lpc54608.o(.text) referenced from startup_lpc54608.o(RESET)
 <LI><a href="#[c]">LCD_AA_MixColors16</a> from LCD_AA.o(i.LCD_AA_MixColors16) referenced 2 times from LCD_AA.o(.data)
 <LI><a href="#[92]">LCD_DrawHLine</a> from LCD.o(i.LCD_DrawHLine) referenced from GUI_Core.o(.constdata)
 <LI><a href="#[92]">LCD_DrawHLine</a> from LCD.o(i.LCD_DrawHLine) referenced from GUI_DrawGradient.o(i.GUI_DrawGradientV)
 <LI><a href="#[ec]">LCD_DrawPixel</a> from LCD.o(i.LCD_DrawPixel) referenced from GUI_Core.o(.constdata)
 <LI><a href="#[8a]">LCD_DriverIRQHandler</a> from startup_lpc54608.o(.text) referenced from startup_lpc54608.o(.text)
 <LI><a href="#[2]">LCD_GetpPalConvTableBM</a> from LCD_Color.o(i.LCD_GetpPalConvTableBM) referenced 2 times from GUI_Core.o(.data)
 <LI><a href="#[4e]">LCD_IRQHandler</a> from emwin_config.o(i.LCD_IRQHandler) referenced from startup_lpc54608.o(RESET)
 <LI><a href="#[e8]">LCD_Index2Color_565</a> from GUICC_565.o(i.LCD_Index2Color_565) referenced from GUICC_565.o(.constdata)
 <LI><a href="#[94]">LCD_Index2Color_M8888I</a> from GUICC_M8888I_Index2Color.o(i.LCD_Index2Color_M8888I) referenced from GUICC_M8888I.o(.constdata)
 <LI><a href="#[94]">LCD_Index2Color_M8888I</a> from GUICC_M8888I_Index2Color.o(i.LCD_Index2Color_M8888I) referenced from GUI__Alpha.o(i.GUI__DoAlphaBlending)
 <LI><a href="#[94]">LCD_Index2Color_M8888I</a> from GUICC_M8888I_Index2Color.o(i.LCD_Index2Color_M8888I) referenced from GUIDEV_WriteToActiveAlpha.o(i._WriteToActiveAlpha)
 <LI><a href="#[5e]">MRT0_DriverIRQHandler</a> from startup_lpc54608.o(.text) referenced from startup_lpc54608.o(.text)
 <LI><a href="#[22]">MRT0_IRQHandler</a> from startup_lpc54608.o(.text) referenced from startup_lpc54608.o(RESET)
 <LI><a href="#[12]">MemManage_Handler</a> from startup_lpc54608.o(.text) referenced from startup_lpc54608.o(RESET)
 <LI><a href="#[10]">NMI_Handler</a> from startup_lpc54608.o(.text) referenced from startup_lpc54608.o(RESET)
 <LI><a href="#[59]">PIN_INT0_DriverIRQHandler</a> from startup_lpc54608.o(.text) referenced from startup_lpc54608.o(.text)
 <LI><a href="#[1d]">PIN_INT0_IRQHandler</a> from startup_lpc54608.o(.text) referenced from startup_lpc54608.o(RESET)
 <LI><a href="#[5a]">PIN_INT1_DriverIRQHandler</a> from startup_lpc54608.o(.text) referenced from startup_lpc54608.o(.text)
 <LI><a href="#[1e]">PIN_INT1_IRQHandler</a> from startup_lpc54608.o(.text) referenced from startup_lpc54608.o(RESET)
 <LI><a href="#[5b]">PIN_INT2_DriverIRQHandler</a> from startup_lpc54608.o(.text) referenced from startup_lpc54608.o(.text)
 <LI><a href="#[1f]">PIN_INT2_IRQHandler</a> from startup_lpc54608.o(.text) referenced from startup_lpc54608.o(RESET)
 <LI><a href="#[5c]">PIN_INT3_DriverIRQHandler</a> from startup_lpc54608.o(.text) referenced from startup_lpc54608.o(.text)
 <LI><a href="#[20]">PIN_INT3_IRQHandler</a> from startup_lpc54608.o(.text) referenced from startup_lpc54608.o(RESET)
 <LI><a href="#[75]">PIN_INT4_DriverIRQHandler</a> from startup_lpc54608.o(.text) referenced from startup_lpc54608.o(.text)
 <LI><a href="#[39]">PIN_INT4_IRQHandler</a> from startup_lpc54608.o(.text) referenced from startup_lpc54608.o(RESET)
 <LI><a href="#[76]">PIN_INT5_DriverIRQHandler</a> from startup_lpc54608.o(.text) referenced from startup_lpc54608.o(.text)
 <LI><a href="#[3a]">PIN_INT5_IRQHandler</a> from startup_lpc54608.o(.text) referenced from startup_lpc54608.o(RESET)
 <LI><a href="#[77]">PIN_INT6_DriverIRQHandler</a> from startup_lpc54608.o(.text) referenced from startup_lpc54608.o(.text)
 <LI><a href="#[3b]">PIN_INT6_IRQHandler</a> from startup_lpc54608.o(.text) referenced from startup_lpc54608.o(RESET)
 <LI><a href="#[78]">PIN_INT7_DriverIRQHandler</a> from startup_lpc54608.o(.text) referenced from startup_lpc54608.o(.text)
 <LI><a href="#[3c]">PIN_INT7_IRQHandler</a> from startup_lpc54608.o(.text) referenced from startup_lpc54608.o(RESET)
 <LI><a href="#[17]">PendSV_Handler</a> from port.o(.emb_text) referenced from startup_lpc54608.o(RESET)
 <LI><a href="#[7b]">RIT_DriverIRQHandler</a> from startup_lpc54608.o(.text) referenced from startup_lpc54608.o(.text)
 <LI><a href="#[3f]">RIT_IRQHandler</a> from startup_lpc54608.o(.text) referenced from startup_lpc54608.o(RESET)
 <LI><a href="#[72]">RTC_DriverIRQHandler</a> from startup_lpc54608.o(.text) referenced from startup_lpc54608.o(.text)
 <LI><a href="#[36]">RTC_IRQHandler</a> from startup_lpc54608.o(.text) referenced from startup_lpc54608.o(RESET)
 <LI><a href="#[73]">Reserved46_DriverIRQHandler</a> from startup_lpc54608.o(.text) referenced from startup_lpc54608.o(.text)
 <LI><a href="#[37]">Reserved46_IRQHandler</a> from startup_lpc54608.o(.text) referenced from startup_lpc54608.o(RESET)
 <LI><a href="#[74]">Reserved47_DriverIRQHandler</a> from startup_lpc54608.o(.text) referenced from startup_lpc54608.o(.text)
 <LI><a href="#[38]">Reserved47_IRQHandler</a> from startup_lpc54608.o(.text) referenced from startup_lpc54608.o(RESET)
 <LI><a href="#[f]">Reset_Handler</a> from startup_lpc54608.o(.text) referenced from startup_lpc54608.o(RESET)
 <LI><a href="#[61]">SCT0_DriverIRQHandler</a> from startup_lpc54608.o(.text) referenced from startup_lpc54608.o(.text)
 <LI><a href="#[25]">SCT0_IRQHandler</a> from startup_lpc54608.o(.text) referenced from startup_lpc54608.o(RESET)
 <LI><a href="#[7f]">SDIO_DriverIRQHandler</a> from startup_lpc54608.o(.text) referenced from startup_lpc54608.o(.text)
 <LI><a href="#[43]">SDIO_IRQHandler</a> from startup_lpc54608.o(.text) referenced from startup_lpc54608.o(RESET)
 <LI><a href="#[8b]">SHA_DriverIRQHandler</a> from startup_lpc54608.o(.text) referenced from startup_lpc54608.o(.text)
 <LI><a href="#[4f]">SHA_IRQHandler</a> from startup_lpc54608.o(.text) referenced from startup_lpc54608.o(RESET)
 <LI><a href="#[8c]">SMARTCARD0_DriverIRQHandler</a> from startup_lpc54608.o(.text) referenced from startup_lpc54608.o(.text)
 <LI><a href="#[50]">SMARTCARD0_IRQHandler</a> from startup_lpc54608.o(.text) referenced from startup_lpc54608.o(RESET)
 <LI><a href="#[8d]">SMARTCARD1_DriverIRQHandler</a> from startup_lpc54608.o(.text) referenced from startup_lpc54608.o(.text)
 <LI><a href="#[51]">SMARTCARD1_IRQHandler</a> from startup_lpc54608.o(.text) referenced from startup_lpc54608.o(RESET)
 <LI><a href="#[7c]">SPIFI0_DriverIRQHandler</a> from startup_lpc54608.o(.text) referenced from startup_lpc54608.o(.text)
 <LI><a href="#[40]">SPIFI0_IRQHandler</a> from startup_lpc54608.o(.text) referenced from startup_lpc54608.o(RESET)
 <LI><a href="#[15]">SVC_Handler</a> from port.o(.emb_text) referenced from startup_lpc54608.o(RESET)
 <LI><a href="#[18]">SysTick_Handler</a> from port.o(i.SysTick_Handler) referenced from startup_lpc54608.o(RESET)
 <LI><a href="#[53]">SystemInit</a> from system_lpc54608.o(i.SystemInit) referenced from startup_lpc54608.o(.text)
 <LI><a href="#[71]">USB0_DriverIRQHandler</a> from startup_lpc54608.o(.text) referenced from startup_lpc54608.o(.text)
 <LI><a href="#[35]">USB0_IRQHandler</a> from usb_app.o(i.USB0_IRQHandler) referenced from startup_lpc54608.o(RESET)
 <LI><a href="#[70]">USB0_NEEDCLK_DriverIRQHandler</a> from startup_lpc54608.o(.text) referenced from startup_lpc54608.o(.text)
 <LI><a href="#[34]">USB0_NEEDCLK_IRQHandler</a> from startup_lpc54608.o(.text) referenced from startup_lpc54608.o(RESET)
 <LI><a href="#[84]">USB1_DriverIRQHandler</a> from startup_lpc54608.o(.text) referenced from startup_lpc54608.o(.text)
 <LI><a href="#[48]">USB1_IRQHandler</a> from startup_lpc54608.o(.text) referenced from startup_lpc54608.o(RESET)
 <LI><a href="#[85]">USB1_NEEDCLK_DriverIRQHandler</a> from startup_lpc54608.o(.text) referenced from startup_lpc54608.o(.text)
 <LI><a href="#[49]">USB1_NEEDCLK_IRQHandler</a> from startup_lpc54608.o(.text) referenced from startup_lpc54608.o(RESET)
 <LI><a href="#[c7]">USB_HostApplicationTask</a> from usb_app.o(i.USB_HostApplicationTask) referenced from main.o(i.main)
 <LI><a href="#[a6]">USB_HostEnumerationTransferCallback</a> from usb_host_devices.o(i.USB_HostEnumerationTransferCallback) referenced from usb_host_devices.o(i.USB_HostProcessState)
 <LI><a href="#[97]">USB_HostEvent</a> from usb_app.o(i.USB_HostEvent) referenced from usb_app.o(i.USB_HostApplicationInit)
 <LI><a href="#[98]">USB_HostHubControlCallback</a> from usb_host_hub.o(i.USB_HostHubControlCallback) referenced from usb_host_hub.o(i.USB_HostHubClassRequestCommon)
 <LI><a href="#[99]">USB_HostHubControlCallback</a> from usb_host_hub_app.o(i.USB_HostHubControlCallback) referenced from usb_host_hub_app.o(i.USB_HostHubDeviceEvent)
 <LI><a href="#[99]">USB_HostHubControlCallback</a> from usb_host_hub_app.o(i.USB_HostHubControlCallback) referenced from usb_host_hub_app.o(i.USB_HostHubProcess)
 <LI><a href="#[99]">USB_HostHubControlCallback</a> from usb_host_hub_app.o(i.USB_HostHubControlCallback) referenced from usb_host_hub_app.o(i.USB_HostHubProcessData)
 <LI><a href="#[99]">USB_HostHubControlCallback</a> from usb_host_hub_app.o(i.USB_HostHubControlCallback) referenced from usb_host_hub_app.o(i.USB_HostHubProcessPortAttach)
 <LI><a href="#[99]">USB_HostHubControlCallback</a> from usb_host_hub_app.o(i.USB_HostHubControlCallback) referenced from usb_host_hub_app.o(i.USB_HostHubProcessPortDetach)
 <LI><a href="#[9b]">USB_HostHubInPipeCallback</a> from usb_host_hub.o(i.USB_HostHubInPipeCallback) referenced from usb_host_hub.o(i.USB_HostHubInterruptRecv)
 <LI><a href="#[9a]">USB_HostHubInterruptInCallback</a> from usb_host_hub_app.o(i.USB_HostHubInterruptInCallback) referenced from usb_host_hub_app.o(i.USB_HostHubGetInterruptStatus)
 <LI><a href="#[a1]">USB_HostMsdCbwCallback</a> from usb_host_msd.o(i.USB_HostMsdCbwCallback) referenced from usb_host_msd.o(i.USB_HostMsdProcessCommand)
 <LI><a href="#[9c]">USB_HostMsdClearHaltCallback</a> from usb_host_msd.o(i.USB_HostMsdClearHaltCallback) referenced from usb_host_msd.o(i.USB_HostMsdCbwCallback)
 <LI><a href="#[9c]">USB_HostMsdClearHaltCallback</a> from usb_host_msd.o(i.USB_HostMsdClearHaltCallback) referenced from usb_host_msd.o(i.USB_HostMsdCswCallback)
 <LI><a href="#[9c]">USB_HostMsdClearHaltCallback</a> from usb_host_msd.o(i.USB_HostMsdClearHaltCallback) referenced from usb_host_msd.o(i.USB_HostMsdDataCallback)
 <LI><a href="#[a5]">USB_HostMsdControlCallback</a> from host_msd_fatfs.o(i.USB_HostMsdControlCallback) referenced from host_msd_fatfs.o(i.USB_HostMsdTask)
 <LI><a href="#[a3]">USB_HostMsdCswCallback</a> from usb_host_msd.o(i.USB_HostMsdCswCallback) referenced from usb_host_msd.o(i.USB_HostMsdProcessCommand)
 <LI><a href="#[a2]">USB_HostMsdDataCallback</a> from usb_host_msd.o(i.USB_HostMsdDataCallback) referenced from usb_host_msd.o(i.USB_HostMsdProcessCommand)
 <LI><a href="#[a0]">USB_HostMsdMassResetCallback</a> from usb_host_msd.o(i.USB_HostMsdMassResetCallback) referenced from usb_host_msd.o(i.USB_HostMsdMassStorageReset)
 <LI><a href="#[9e]">USB_HostMsdMassResetClearInCallback</a> from usb_host_msd.o(i.USB_HostMsdMassResetClearInCallback) referenced from usb_host_msd.o(i.USB_HostMsdMassResetCallback)
 <LI><a href="#[9f]">USB_HostMsdMassResetClearOutCallback</a> from usb_host_msd.o(i.USB_HostMsdMassResetClearOutCallback) referenced from usb_host_msd.o(i.USB_HostMsdMassResetClearInCallback)
 <LI><a href="#[a4]">USB_HostMsdSetInterfaceCallback</a> from usb_host_msd.o(i.USB_HostMsdSetInterfaceCallback) referenced from usb_host_msd.o(i.USB_HostMsdSetInterface)
 <LI><a href="#[9d]">USB_HostMsdUfiCallback</a> from fsl_usb_disk_freertos.o(i.USB_HostMsdUfiCallback) referenced from fsl_usb_disk_freertos.o(i.USB_HostMsdInitializeDisk)
 <LI><a href="#[9d]">USB_HostMsdUfiCallback</a> from fsl_usb_disk_freertos.o(i.USB_HostMsdUfiCallback) referenced from fsl_usb_disk_freertos.o(i.USB_HostMsdIoctlDisk)
 <LI><a href="#[9d]">USB_HostMsdUfiCallback</a> from fsl_usb_disk_freertos.o(i.USB_HostMsdUfiCallback) referenced from fsl_usb_disk_freertos.o(i.USB_HostMsdReadDisk)
 <LI><a href="#[9d]">USB_HostMsdUfiCallback</a> from fsl_usb_disk_freertos.o(i.USB_HostMsdUfiCallback) referenced from fsl_usb_disk_freertos.o(i.USB_HostMsdWriteDisk)
 <LI><a href="#[d1]">USB_HostOhciClosePipe</a> from usb_host_ohci.o(i.USB_HostOhciClosePipe) referenced from usb_host_hci.o(.constdata)
 <LI><a href="#[ce]">USB_HostOhciCreate</a> from usb_host_ohci.o(i.USB_HostOhciCreate) referenced from usb_host_hci.o(.constdata)
 <LI><a href="#[cf]">USB_HostOhciDestory</a> from usb_host_ohci.o(i.USB_HostOhciDestory) referenced from usb_host_hci.o(.constdata)
 <LI><a href="#[d4]">USB_HostOhciIoctl</a> from usb_host_ohci.o(i.USB_HostOhciIoctl) referenced from usb_host_hci.o(.constdata)
 <LI><a href="#[d0]">USB_HostOhciOpenPipe</a> from usb_host_ohci.o(i.USB_HostOhciOpenPipe) referenced from usb_host_hci.o(.constdata)
 <LI><a href="#[d3]">USB_HostOhciReadPipe</a> from usb_host_ohci.o(i.USB_HostOhciReadPipe) referenced from usb_host_hci.o(.constdata)
 <LI><a href="#[d2]">USB_HostOhciWritePipe</a> from usb_host_ohci.o(i.USB_HostOhciWritePipe) referenced from usb_host_hci.o(.constdata)
 <LI><a href="#[cd]">USB_HostProcessCallback</a> from usb_host_devices.o(i.USB_HostProcessCallback) referenced 4 times from usb_host_devices.o(.constdata)
 <LI><a href="#[c6]">USB_HostTask</a> from usb_app.o(i.USB_HostTask) referenced from main.o(i.main)
 <LI><a href="#[5d]">UTICK0_DriverIRQHandler</a> from startup_lpc54608.o(.text) referenced from startup_lpc54608.o(.text)
 <LI><a href="#[21]">UTICK0_IRQHandler</a> from startup_lpc54608.o(.text) referenced from startup_lpc54608.o(RESET)
 <LI><a href="#[14]">UsageFault_Handler</a> from startup_lpc54608.o(.text) referenced from startup_lpc54608.o(RESET)
 <LI><a href="#[55]">WDT_BOD_DriverIRQHandler</a> from startup_lpc54608.o(.text) referenced from startup_lpc54608.o(.text)
 <LI><a href="#[19]">WDT_BOD_IRQHandler</a> from startup_lpc54608.o(.text) referenced from startup_lpc54608.o(RESET)
 <LI><a href="#[c0]">WM__Paint1</a> from WM.o(i.WM__Paint1) referenced from WM.o(i._Paint1)
 <LI><a href="#[102]">_CalcSizeOfChar</a> from GUI_UC_EncodeNone.o(i._CalcSizeOfChar) referenced from GUI_UC_EncodeNone.o(.constdata)
 <LI><a href="#[ea]">_Color2IndexBulk</a> from GUICC_565.o(i._Color2IndexBulk) referenced from GUICC_565.o(.constdata)
 <LI><a href="#[11e]">_Color2IndexBulk_M8888I</a> from GUICC_M8888I.o(i._Color2IndexBulk_M8888I) referenced from GUICC_M8888I.o(.constdata)
 <LI><a href="#[119]">_Color2Index_0</a> from GUICC_0.o(i._Color2Index_0) referenced from GUICC_0.o(.constdata)
 <LI><a href="#[e7]">_Color2Index_565</a> from GUICC_565.o(i._Color2Index_565) referenced from GUICC_565.o(.constdata)
 <LI><a href="#[11c]">_Color2Index_M8888I</a> from GUICC_M8888I.o(i._Color2Index_M8888I) referenced from GUICC_M8888I.o(.constdata)
 <LI><a href="#[b9]">_CopyBuffer</a> from GUIDRV_Lin_16.o(i._CopyBuffer) referenced from GUIDRV_Lin_16.o(i._GetDevFunc)
 <LI><a href="#[d6]">_Create</a> from BUTTON_SkinClassic.o(i._Create) referenced from BUTTON_SkinClassic.o(.constdata)
 <LI><a href="#[4]">_Create</a> from BUTTON_Skin.o(i._Create) referenced 2 times from BUTTON_Skin.o(.data)
 <LI><a href="#[d7]">_DrawBitmap</a> from GUIDRV_Lin_16.o(i._DrawBitmap) referenced 3 times from GUIDRV_Lin_16.o(.constdata)
 <LI><a href="#[117]">_DrawDown</a> from WIDGET_Effect_Simple.o(i._DrawDown) referenced from WIDGET_Effect_Simple.o(.constdata)
 <LI><a href="#[118]">_DrawDownRect</a> from WIDGET_Effect_Simple.o(i._DrawDownRect) referenced from WIDGET_Effect_Simple.o(.constdata)
 <LI><a href="#[d8]">_DrawHLine</a> from GUIDRV_Lin_16.o(i._DrawHLine) referenced 3 times from GUIDRV_Lin_16.o(.constdata)
 <LI><a href="#[115]">_DrawUp</a> from WIDGET_Effect_Simple.o(i._DrawUp) referenced from WIDGET_Effect_Simple.o(.constdata)
 <LI><a href="#[116]">_DrawUpRect</a> from WIDGET_Effect_Simple.o(i._DrawUpRect) referenced from WIDGET_Effect_Simple.o(.constdata)
 <LI><a href="#[d9]">_DrawVLine</a> from GUIDRV_Lin_16.o(i._DrawVLine) referenced 3 times from GUIDRV_Lin_16.o(.constdata)
 <LI><a href="#[103]">_Encode</a> from GUI_UC_EncodeNone.o(i._Encode) referenced from GUI_UC_EncodeNone.o(.constdata)
 <LI><a href="#[da]">_FillRect</a> from GUIDRV_Lin_16.o(i._FillRect) referenced 3 times from GUIDRV_Lin_16.o(.constdata)
 <LI><a href="#[113]">_GUI_USAGE_BM_Delete</a> from GUIDEV_UsageBM.o(i._GUI_USAGE_BM_Delete) referenced from GUIDEV_UsageBM.o(.constdata)
 <LI><a href="#[100]">_GetCharCode</a> from GUI_UC_EncodeNone.o(i._GetCharCode) referenced from GUI_UC_EncodeNone.o(.constdata)
 <LI><a href="#[101]">_GetCharSize</a> from GUI_UC_EncodeNone.o(i._GetCharSize) referenced from GUI_UC_EncodeNone.o(.constdata)
 <LI><a href="#[e1]">_GetDevData</a> from GUIDRV_Lin_16.o(i._GetDevData) referenced 3 times from GUIDRV_Lin_16.o(.constdata)
 <LI><a href="#[df]">_GetDevFunc</a> from GUIDRV_Lin_16.o(i._GetDevFunc) referenced 3 times from GUIDRV_Lin_16.o(.constdata)
 <LI><a href="#[e0]">_GetDevProp</a> from GUIDRV_Lin_16.o(i._GetDevProp) referenced 3 times from GUIDRV_Lin_16.o(.constdata)
 <LI><a href="#[11b]">_GetIndexMask_0</a> from GUICC_0.o(i._GetIndexMask_0) referenced from GUICC_0.o(.constdata)
 <LI><a href="#[e9]">_GetIndexMask_565</a> from GUICC_565.o(i._GetIndexMask_565) referenced from GUICC_565.o(.constdata)
 <LI><a href="#[11d]">_GetIndexMask_M8888I</a> from GUICC_M8888I.o(i._GetIndexMask_M8888I) referenced from GUICC_M8888I.o(.constdata)
 <LI><a href="#[db]">_GetPixelIndex</a> from GUIDRV_Lin_16.o(i._GetPixelIndex) referenced 3 times from GUIDRV_Lin_16.o(.constdata)
 <LI><a href="#[b0]">_GetPos</a> from GUIDRV_Lin_16.o(i._GetPos) referenced from GUIDRV_Lin_16.o(i._GetDevFunc)
 <LI><a href="#[e2]">_GetRect</a> from GUIDRV_Lin_16.o(i._GetRect) referenced 3 times from GUIDRV_Lin_16.o(.constdata)
 <LI><a href="#[eb]">_Index2ColorBulk</a> from GUICC_565.o(i._Index2ColorBulk) referenced from GUICC_565.o(.constdata)
 <LI><a href="#[11f]">_Index2ColorBulk_M8888I</a> from GUICC_M8888I.o(i._Index2ColorBulk_M8888I) referenced from GUICC_M8888I.o(.constdata)
 <LI><a href="#[11a]">_Index2Color_0</a> from GUICC_0.o(i._Index2Color_0) referenced from GUICC_0.o(.constdata)
 <LI><a href="#[b3]">_Init</a> from GUIDRV_Lin_16.o(i._Init) referenced from GUIDRV_Lin_16.o(i._GetDevFunc)
 <LI><a href="#[a]">_Log2VisBuffered</a> from GUI_CharLine.o(i._Log2VisBuffered) referenced 2 times from GUI_CharLine.o(.data)
 <LI><a href="#[b5]">_Off</a> from GUIDRV_Lin_16.o(i._Off) referenced from GUIDRV_Lin_16.o(i._GetDevFunc)
 <LI><a href="#[b4]">_On</a> from GUIDRV_Lin_16.o(i._On) referenced from GUIDRV_Lin_16.o(i._GetDevFunc)
 <LI><a href="#[93]">_OnExit</a> from GUI_Core.o(i._OnExit) referenced from GUI_Core.o(i.GUI__Config)
 <LI><a href="#[95]">_OnExit</a> from GUI__Alpha.o(i._OnExit) referenced from GUI__Alpha.o(i.GUI__GetAlphaBuffer)
 <LI><a href="#[96]">_OnExit</a> from LCD_Color.o(i._OnExit) referenced from LCD_Color.o(i.LCD_InitColors)
 <LI><a href="#[a8]">_OnExit</a> from WM.o(i._OnExit) referenced from WM.o(i.WM_Init)
 <LI><a href="#[90]">_OnPidStateChange</a> from BUTTON.o(i._OnPidStateChange) referenced from BUTTON.o(i.BUTTON_SetReactOnLevel)
 <LI><a href="#[0]">_OnTouchDefault</a> from BUTTON.o(i._OnTouchDefault) referenced 2 times from BUTTON.o(.data)
 <LI><a href="#[8f]">_OnTouchReactOnLevel</a> from BUTTON.o(i._OnTouchReactOnLevel) referenced from BUTTON.o(i.BUTTON_SetReactOnLevel)
 <LI><a href="#[d5]">_Paint</a> from BUTTON_SkinClassic.o(i._Paint) referenced from BUTTON_SkinClassic.o(.constdata)
 <LI><a href="#[3]">_Paint</a> from BUTTON_Skin.o(i._Paint) referenced 2 times from BUTTON_Skin.o(.data)
 <LI><a href="#[bc]">_ReadRect</a> from GUIDRV_Lin_16.o(i._ReadRect) referenced from GUIDRV_Lin_16.o(i._GetDevFunc)
 <LI><a href="#[b1]">_SetAlpha</a> from GUIDRV_Lin_16.o(i._SetAlpha) referenced from GUIDRV_Lin_16.o(i._GetDevFunc)
 <LI><a href="#[b6]">_SetAlphaMode</a> from GUIDRV_Lin_16.o(i._SetAlphaMode) referenced from GUIDRV_Lin_16.o(i._GetDevFunc)
 <LI><a href="#[fe]">_SetBkColor</a> from LCD.o(i._SetBkColor) referenced from LCD.o(.constdata)
 <LI><a href="#[b8]">_SetChroma</a> from GUIDRV_Lin_16.o(i._SetChroma) referenced from GUIDRV_Lin_16.o(i._GetDevFunc)
 <LI><a href="#[b7]">_SetChromaMode</a> from GUIDRV_Lin_16.o(i._SetChromaMode) referenced from GUIDRV_Lin_16.o(i._GetDevFunc)
 <LI><a href="#[fd]">_SetColor</a> from LCD.o(i._SetColor) referenced from LCD.o(.constdata)
 <LI><a href="#[bb]">_SetDevFunc</a> from GUIDRV_Lin_16.o(i._SetDevFunc) referenced from GUIDRV_Lin_16.o(i._GetDevFunc)
 <LI><a href="#[ff]">_SetDrawMode</a> from LCD.o(i._SetDrawMode) referenced from LCD.o(.constdata)
 <LI><a href="#[de]">_SetOrg</a> from GUIDRV_Lin_16.o(i._SetOrg) referenced 3 times from GUIDRV_Lin_16.o(.constdata)
 <LI><a href="#[dc]">_SetPixelIndex</a> from GUIDRV_Lin_16.o(i._SetPixelIndex) referenced 3 times from GUIDRV_Lin_16.o(.constdata)
 <LI><a href="#[af]">_SetPos</a> from GUIDRV_Lin_16.o(i._SetPos) referenced from GUIDRV_Lin_16.o(i._GetDevFunc)
 <LI><a href="#[ae]">_SetSize</a> from GUIDRV_Lin_16.o(i._SetSize) referenced from GUIDRV_Lin_16.o(i._GetDevFunc)
 <LI><a href="#[ab]">_SetVRAMAddr</a> from GUIDRV_Lin_16.o(i._SetVRAMAddr) referenced from GUIDRV_Lin_16.o(i._GetDevFunc)
 <LI><a href="#[ac]">_SetVRAM_BufferPTR</a> from GUIDRV_Lin_16.o(i._SetVRAM_BufferPTR) referenced from GUIDRV_Lin_16.o(i._GetDevFunc)
 <LI><a href="#[ad]">_SetVSize</a> from GUIDRV_Lin_16.o(i._SetVSize) referenced from GUIDRV_Lin_16.o(i._GetDevFunc)
 <LI><a href="#[b2]">_SetVis</a> from GUIDRV_Lin_16.o(i._SetVis) referenced from GUIDRV_Lin_16.o(i._GetDevFunc)
 <LI><a href="#[ba]">_ShowBuffer</a> from GUIDRV_Lin_16.o(i._ShowBuffer) referenced from GUIDRV_Lin_16.o(i._GetDevFunc)
 <LI><a href="#[dd]">_XorPixel</a> from GUIDRV_Lin_16.o(i._XorPixel) referenced 3 times from GUIDRV_Lin_16.o(.constdata)
 <LI><a href="#[54]">__main</a> from entry.o(.ARM.Collect$$$$00000000) referenced from startup_lpc54608.o(.text)
 <LI><a href="#[a7]">_cbBackWin</a> from WM.o(i._cbBackWin) referenced from WM.o(i.WM_Init)
 <LI><a href="#[aa]">_cbInvalidateOne</a> from WM_BringToTop.o(i._cbInvalidateOne) referenced from WM_BringToTop.o(i._BringToTop)
 <LI><a href="#[a9]">_cbPaintMemDev</a> from WM.o(i._cbPaintMemDev) referenced from WM.o(i.WM__Paint)
 <LI><a href="#[c1]">_sputc</a> from printf3.o(i._sputc) referenced from printf3.o(i.__0sprintf$3)
 <LI><a href="#[c2]">cbBackgroundWin</a> from emwin_config.o(i.cbBackgroundWin) referenced from emwin_config.o(i.emwin_init)
 <LI><a href="#[c3]">cbCanvasWin</a> from emwin_config.o(i.cbCanvasWin) referenced from emwin_config.o(i.emwin_init)
 <LI><a href="#[52]">main</a> from main.o(i.main) referenced from entry9a.o(.ARM.Collect$$$$0000000B)
 <LI><a href="#[6]">memcpy</a> from memmove.o(.text) referenced 2 times from GUI__Private.o(.data)
 <LI><a href="#[5]">memset</a> from memseta.o(.text) referenced 2 times from GUI__Private.o(.data)
 <LI><a href="#[ca]">prvIdleTask</a> from tasks.o(i.prvIdleTask) referenced from tasks.o(i.vTaskStartScheduler)
 <LI><a href="#[c9]">prvTaskExitError</a> from port.o(i.prvTaskExitError) referenced from port.o(i.pxPortInitialiseStack)
 <LI><a href="#[cc]">prvTimerTask</a> from timers.o(i.prvTimerTask) referenced from timers.o(i.xTimerCreateTimerTask)
 <LI><a href="#[7]">strcmp</a> from strcmp.o(.text) referenced 2 times from GUI__Private.o(.data)
 <LI><a href="#[9]">strcpy</a> from strcpy.o(.text) referenced 2 times from GUI__Private.o(.data)
 <LI><a href="#[8]">strlen</a> from strlen.o(.text) referenced 2 times from GUI__Private.o(.data)
 <LI><a href="#[cb]">vEventGroupSetBitsCallback</a> from event_groups.o(i.vEventGroupSetBitsCallback) referenced from event_groups.o(i.xEventGroupSetBitsFromISR)
 <LI><a href="#[c5]">vLcdTask</a> from lcd_app.o(i.vLcdTask) referenced from main.o(i.main)
 <LI><a href="#[c8]">vLedTask</a> from key_led_app.o(i.vLedTask) referenced from main.o(i.main)
 <LI><a href="#[c4]">vTouchTask</a> from lcd_app.o(i.vTouchTask) referenced from main.o(i.main)
</UL>
<P>
<H3>
Global Symbols
</H3>
<P><STRONG><a name="[54]"></a>__main</STRONG> (Thumb, 0 bytes, Stack size unknown bytes, entry.o(.ARM.Collect$$$$00000000))
<BR>[Address Reference Count : 1]<UL><LI> startup_lpc54608.o(.text)
</UL>
<P><STRONG><a name="[424]"></a>_main_stk</STRONG> (Thumb, 0 bytes, Stack size unknown bytes, entry4.o(.ARM.Collect$$$$00000003))

<P><STRONG><a name="[120]"></a>_main_scatterload</STRONG> (Thumb, 0 bytes, Stack size unknown bytes, entry5.o(.ARM.Collect$$$$00000004))
<BR><BR>[Calls]<UL><LI><a href="#[121]">&gt;&gt;</a>&nbsp;&nbsp;&nbsp;__scatterload
</UL>

<P><STRONG><a name="[129]"></a>__main_after_scatterload</STRONG> (Thumb, 0 bytes, Stack size unknown bytes, entry5.o(.ARM.Collect$$$$00000004))
<BR><BR>[Called By]<UL><LI><a href="#[121]">&gt;&gt;</a>&nbsp;&nbsp;&nbsp;__scatterload
</UL>

<P><STRONG><a name="[425]"></a>_main_clock</STRONG> (Thumb, 0 bytes, Stack size unknown bytes, entry7b.o(.ARM.Collect$$$$00000008))

<P><STRONG><a name="[426]"></a>_main_cpp_init</STRONG> (Thumb, 0 bytes, Stack size unknown bytes, entry8b.o(.ARM.Collect$$$$0000000A))

<P><STRONG><a name="[427]"></a>_main_init</STRONG> (Thumb, 0 bytes, Stack size unknown bytes, entry9a.o(.ARM.Collect$$$$0000000B))

<P><STRONG><a name="[428]"></a>__rt_final_cpp</STRONG> (Thumb, 0 bytes, Stack size unknown bytes, entry10a.o(.ARM.Collect$$$$0000000D))

<P><STRONG><a name="[429]"></a>__rt_final_exit</STRONG> (Thumb, 0 bytes, Stack size unknown bytes, entry11a.o(.ARM.Collect$$$$0000000F))

<P><STRONG><a name="[15]"></a>SVC_Handler</STRONG> (Thumb, 28 bytes, Stack size 0 bytes, port.o(.emb_text))
<BR>[Address Reference Count : 1]<UL><LI> startup_lpc54608.o(RESET)
</UL>
<P><STRONG><a name="[41b]"></a>__asm___6_port_c_39a90d8d__prvStartFirstTask</STRONG> (Thumb, 36 bytes, Stack size 0 bytes, port.o(.emb_text))
<BR><BR>[Called By]<UL><LI><a href="#[414]">&gt;&gt;</a>&nbsp;&nbsp;&nbsp;xPortStartScheduler
</UL>

<P><STRONG><a name="[41a]"></a>__asm___6_port_c_39a90d8d__prvEnableVFP</STRONG> (Thumb, 16 bytes, Stack size 0 bytes, port.o(.emb_text))
<BR><BR>[Called By]<UL><LI><a href="#[414]">&gt;&gt;</a>&nbsp;&nbsp;&nbsp;xPortStartScheduler
</UL>

<P><STRONG><a name="[17]"></a>PendSV_Handler</STRONG> (Thumb, 88 bytes, Stack size 0 bytes, port.o(.emb_text))
<BR><BR>[Calls]<UL><LI><a href="#[122]">&gt;&gt;</a>&nbsp;&nbsp;&nbsp;vTaskSwitchContext
</UL>
<BR>[Address Reference Count : 1]<UL><LI> startup_lpc54608.o(RESET)
</UL>
<P><STRONG><a name="[40d]"></a>vPortGetIPSR</STRONG> (Thumb, 6 bytes, Stack size 0 bytes, port.o(.emb_text))
<BR><BR>[Called By]<UL><LI><a href="#[40c]">&gt;&gt;</a>&nbsp;&nbsp;&nbsp;vPortValidateInterruptPriority
</UL>

<P><STRONG><a name="[f]"></a>Reset_Handler</STRONG> (Thumb, 14 bytes, Stack size 0 bytes, startup_lpc54608.o(.text))
<BR>[Address Reference Count : 1]<UL><LI> startup_lpc54608.o(RESET)
</UL>
<P><STRONG><a name="[10]"></a>NMI_Handler</STRONG> (Thumb, 2 bytes, Stack size 0 bytes, startup_lpc54608.o(.text))
<BR><BR>[Calls]<UL><LI><a href="#[10]">&gt;&gt;</a>&nbsp;&nbsp;&nbsp;NMI_Handler
</UL>
<BR>[Called By]<UL><LI><a href="#[10]">&gt;&gt;</a>&nbsp;&nbsp;&nbsp;NMI_Handler
</UL>
<BR>[Address Reference Count : 1]<UL><LI> startup_lpc54608.o(RESET)
</UL>
<P><STRONG><a name="[11]"></a>HardFault_Handler</STRONG> (Thumb, 2 bytes, Stack size 0 bytes, startup_lpc54608.o(.text))
<BR><BR>[Calls]<UL><LI><a href="#[11]">&gt;&gt;</a>&nbsp;&nbsp;&nbsp;HardFault_Handler
</UL>
<BR>[Called By]<UL><LI><a href="#[11]">&gt;&gt;</a>&nbsp;&nbsp;&nbsp;HardFault_Handler
</UL>
<BR>[Address Reference Count : 1]<UL><LI> startup_lpc54608.o(RESET)
</UL>
<P><STRONG><a name="[12]"></a>MemManage_Handler</STRONG> (Thumb, 2 bytes, Stack size 0 bytes, startup_lpc54608.o(.text))
<BR><BR>[Calls]<UL><LI><a href="#[12]">&gt;&gt;</a>&nbsp;&nbsp;&nbsp;MemManage_Handler
</UL>
<BR>[Called By]<UL><LI><a href="#[12]">&gt;&gt;</a>&nbsp;&nbsp;&nbsp;MemManage_Handler
</UL>
<BR>[Address Reference Count : 1]<UL><LI> startup_lpc54608.o(RESET)
</UL>
<P><STRONG><a name="[13]"></a>BusFault_Handler</STRONG> (Thumb, 2 bytes, Stack size 0 bytes, startup_lpc54608.o(.text))
<BR><BR>[Calls]<UL><LI><a href="#[13]">&gt;&gt;</a>&nbsp;&nbsp;&nbsp;BusFault_Handler
</UL>
<BR>[Called By]<UL><LI><a href="#[13]">&gt;&gt;</a>&nbsp;&nbsp;&nbsp;BusFault_Handler
</UL>
<BR>[Address Reference Count : 1]<UL><LI> startup_lpc54608.o(RESET)
</UL>
<P><STRONG><a name="[14]"></a>UsageFault_Handler</STRONG> (Thumb, 2 bytes, Stack size 0 bytes, startup_lpc54608.o(.text))
<BR><BR>[Calls]<UL><LI><a href="#[14]">&gt;&gt;</a>&nbsp;&nbsp;&nbsp;UsageFault_Handler
</UL>
<BR>[Called By]<UL><LI><a href="#[14]">&gt;&gt;</a>&nbsp;&nbsp;&nbsp;UsageFault_Handler
</UL>
<BR>[Address Reference Count : 1]<UL><LI> startup_lpc54608.o(RESET)
</UL>
<P><STRONG><a name="[16]"></a>DebugMon_Handler</STRONG> (Thumb, 2 bytes, Stack size 0 bytes, startup_lpc54608.o(.text))
<BR><BR>[Calls]<UL><LI><a href="#[16]">&gt;&gt;</a>&nbsp;&nbsp;&nbsp;DebugMon_Handler
</UL>
<BR>[Called By]<UL><LI><a href="#[16]">&gt;&gt;</a>&nbsp;&nbsp;&nbsp;DebugMon_Handler
</UL>
<BR>[Address Reference Count : 1]<UL><LI> startup_lpc54608.o(RESET)
</UL>
<P><STRONG><a name="[19]"></a>WDT_BOD_IRQHandler</STRONG> (Thumb, 4 bytes, Stack size 0 bytes, startup_lpc54608.o(.text))
<BR>[Address Reference Count : 1]<UL><LI> startup_lpc54608.o(RESET)
</UL>
<P><STRONG><a name="[1a]"></a>DMA0_IRQHandler</STRONG> (Thumb, 4 bytes, Stack size 0 bytes, startup_lpc54608.o(.text))
<BR>[Address Reference Count : 1]<UL><LI> startup_lpc54608.o(RESET)
</UL>
<P><STRONG><a name="[1b]"></a>GINT0_IRQHandler</STRONG> (Thumb, 4 bytes, Stack size 0 bytes, startup_lpc54608.o(.text))
<BR>[Address Reference Count : 1]<UL><LI> startup_lpc54608.o(RESET)
</UL>
<P><STRONG><a name="[1c]"></a>GINT1_IRQHandler</STRONG> (Thumb, 4 bytes, Stack size 0 bytes, startup_lpc54608.o(.text))
<BR>[Address Reference Count : 1]<UL><LI> startup_lpc54608.o(RESET)
</UL>
<P><STRONG><a name="[1d]"></a>PIN_INT0_IRQHandler</STRONG> (Thumb, 4 bytes, Stack size 0 bytes, startup_lpc54608.o(.text))
<BR>[Address Reference Count : 1]<UL><LI> startup_lpc54608.o(RESET)
</UL>
<P><STRONG><a name="[1e]"></a>PIN_INT1_IRQHandler</STRONG> (Thumb, 4 bytes, Stack size 0 bytes, startup_lpc54608.o(.text))
<BR>[Address Reference Count : 1]<UL><LI> startup_lpc54608.o(RESET)
</UL>
<P><STRONG><a name="[1f]"></a>PIN_INT2_IRQHandler</STRONG> (Thumb, 4 bytes, Stack size 0 bytes, startup_lpc54608.o(.text))
<BR>[Address Reference Count : 1]<UL><LI> startup_lpc54608.o(RESET)
</UL>
<P><STRONG><a name="[20]"></a>PIN_INT3_IRQHandler</STRONG> (Thumb, 4 bytes, Stack size 0 bytes, startup_lpc54608.o(.text))
<BR>[Address Reference Count : 1]<UL><LI> startup_lpc54608.o(RESET)
</UL>
<P><STRONG><a name="[21]"></a>UTICK0_IRQHandler</STRONG> (Thumb, 4 bytes, Stack size 0 bytes, startup_lpc54608.o(.text))
<BR>[Address Reference Count : 1]<UL><LI> startup_lpc54608.o(RESET)
</UL>
<P><STRONG><a name="[22]"></a>MRT0_IRQHandler</STRONG> (Thumb, 4 bytes, Stack size 0 bytes, startup_lpc54608.o(.text))
<BR>[Address Reference Count : 1]<UL><LI> startup_lpc54608.o(RESET)
</UL>
<P><STRONG><a name="[23]"></a>CTIMER0_IRQHandler</STRONG> (Thumb, 4 bytes, Stack size 0 bytes, startup_lpc54608.o(.text))
<BR>[Address Reference Count : 1]<UL><LI> startup_lpc54608.o(RESET)
</UL>
<P><STRONG><a name="[24]"></a>CTIMER1_IRQHandler</STRONG> (Thumb, 4 bytes, Stack size 0 bytes, startup_lpc54608.o(.text))
<BR>[Address Reference Count : 1]<UL><LI> startup_lpc54608.o(RESET)
</UL>
<P><STRONG><a name="[25]"></a>SCT0_IRQHandler</STRONG> (Thumb, 4 bytes, Stack size 0 bytes, startup_lpc54608.o(.text))
<BR>[Address Reference Count : 1]<UL><LI> startup_lpc54608.o(RESET)
</UL>
<P><STRONG><a name="[26]"></a>CTIMER3_IRQHandler</STRONG> (Thumb, 4 bytes, Stack size 0 bytes, startup_lpc54608.o(.text))
<BR>[Address Reference Count : 1]<UL><LI> startup_lpc54608.o(RESET)
</UL>
<P><STRONG><a name="[27]"></a>FLEXCOMM0_IRQHandler</STRONG> (Thumb, 4 bytes, Stack size 0 bytes, startup_lpc54608.o(.text))
<BR>[Address Reference Count : 1]<UL><LI> startup_lpc54608.o(RESET)
</UL>
<P><STRONG><a name="[28]"></a>FLEXCOMM1_IRQHandler</STRONG> (Thumb, 4 bytes, Stack size 0 bytes, startup_lpc54608.o(.text))
<BR>[Address Reference Count : 1]<UL><LI> startup_lpc54608.o(RESET)
</UL>
<P><STRONG><a name="[29]"></a>FLEXCOMM2_IRQHandler</STRONG> (Thumb, 4 bytes, Stack size 0 bytes, startup_lpc54608.o(.text))
<BR>[Address Reference Count : 1]<UL><LI> startup_lpc54608.o(RESET)
</UL>
<P><STRONG><a name="[2a]"></a>FLEXCOMM3_IRQHandler</STRONG> (Thumb, 4 bytes, Stack size 0 bytes, startup_lpc54608.o(.text))
<BR>[Address Reference Count : 1]<UL><LI> startup_lpc54608.o(RESET)
</UL>
<P><STRONG><a name="[2b]"></a>FLEXCOMM4_IRQHandler</STRONG> (Thumb, 4 bytes, Stack size 0 bytes, startup_lpc54608.o(.text))
<BR>[Address Reference Count : 1]<UL><LI> startup_lpc54608.o(RESET)
</UL>
<P><STRONG><a name="[2c]"></a>FLEXCOMM5_IRQHandler</STRONG> (Thumb, 4 bytes, Stack size 0 bytes, startup_lpc54608.o(.text))
<BR>[Address Reference Count : 1]<UL><LI> startup_lpc54608.o(RESET)
</UL>
<P><STRONG><a name="[2d]"></a>FLEXCOMM6_IRQHandler</STRONG> (Thumb, 4 bytes, Stack size 0 bytes, startup_lpc54608.o(.text))
<BR>[Address Reference Count : 1]<UL><LI> startup_lpc54608.o(RESET)
</UL>
<P><STRONG><a name="[2e]"></a>FLEXCOMM7_IRQHandler</STRONG> (Thumb, 4 bytes, Stack size 0 bytes, startup_lpc54608.o(.text))
<BR>[Address Reference Count : 1]<UL><LI> startup_lpc54608.o(RESET)
</UL>
<P><STRONG><a name="[2f]"></a>ADC0_SEQA_IRQHandler</STRONG> (Thumb, 4 bytes, Stack size 0 bytes, startup_lpc54608.o(.text))
<BR>[Address Reference Count : 1]<UL><LI> startup_lpc54608.o(RESET)
</UL>
<P><STRONG><a name="[30]"></a>ADC0_SEQB_IRQHandler</STRONG> (Thumb, 4 bytes, Stack size 0 bytes, startup_lpc54608.o(.text))
<BR>[Address Reference Count : 1]<UL><LI> startup_lpc54608.o(RESET)
</UL>
<P><STRONG><a name="[31]"></a>ADC0_THCMP_IRQHandler</STRONG> (Thumb, 4 bytes, Stack size 0 bytes, startup_lpc54608.o(.text))
<BR>[Address Reference Count : 1]<UL><LI> startup_lpc54608.o(RESET)
</UL>
<P><STRONG><a name="[32]"></a>DMIC0_IRQHandler</STRONG> (Thumb, 4 bytes, Stack size 0 bytes, startup_lpc54608.o(.text))
<BR>[Address Reference Count : 1]<UL><LI> startup_lpc54608.o(RESET)
</UL>
<P><STRONG><a name="[33]"></a>HWVAD0_IRQHandler</STRONG> (Thumb, 4 bytes, Stack size 0 bytes, startup_lpc54608.o(.text))
<BR>[Address Reference Count : 1]<UL><LI> startup_lpc54608.o(RESET)
</UL>
<P><STRONG><a name="[34]"></a>USB0_NEEDCLK_IRQHandler</STRONG> (Thumb, 4 bytes, Stack size 0 bytes, startup_lpc54608.o(.text))
<BR>[Address Reference Count : 1]<UL><LI> startup_lpc54608.o(RESET)
</UL>
<P><STRONG><a name="[36]"></a>RTC_IRQHandler</STRONG> (Thumb, 4 bytes, Stack size 0 bytes, startup_lpc54608.o(.text))
<BR>[Address Reference Count : 1]<UL><LI> startup_lpc54608.o(RESET)
</UL>
<P><STRONG><a name="[37]"></a>Reserved46_IRQHandler</STRONG> (Thumb, 4 bytes, Stack size 0 bytes, startup_lpc54608.o(.text))
<BR>[Address Reference Count : 1]<UL><LI> startup_lpc54608.o(RESET)
</UL>
<P><STRONG><a name="[38]"></a>Reserved47_IRQHandler</STRONG> (Thumb, 4 bytes, Stack size 0 bytes, startup_lpc54608.o(.text))
<BR>[Address Reference Count : 1]<UL><LI> startup_lpc54608.o(RESET)
</UL>
<P><STRONG><a name="[39]"></a>PIN_INT4_IRQHandler</STRONG> (Thumb, 4 bytes, Stack size 0 bytes, startup_lpc54608.o(.text))
<BR>[Address Reference Count : 1]<UL><LI> startup_lpc54608.o(RESET)
</UL>
<P><STRONG><a name="[3a]"></a>PIN_INT5_IRQHandler</STRONG> (Thumb, 4 bytes, Stack size 0 bytes, startup_lpc54608.o(.text))
<BR>[Address Reference Count : 1]<UL><LI> startup_lpc54608.o(RESET)
</UL>
<P><STRONG><a name="[3b]"></a>PIN_INT6_IRQHandler</STRONG> (Thumb, 4 bytes, Stack size 0 bytes, startup_lpc54608.o(.text))
<BR>[Address Reference Count : 1]<UL><LI> startup_lpc54608.o(RESET)
</UL>
<P><STRONG><a name="[3c]"></a>PIN_INT7_IRQHandler</STRONG> (Thumb, 4 bytes, Stack size 0 bytes, startup_lpc54608.o(.text))
<BR>[Address Reference Count : 1]<UL><LI> startup_lpc54608.o(RESET)
</UL>
<P><STRONG><a name="[3d]"></a>CTIMER2_IRQHandler</STRONG> (Thumb, 4 bytes, Stack size 0 bytes, startup_lpc54608.o(.text))
<BR>[Address Reference Count : 1]<UL><LI> startup_lpc54608.o(RESET)
</UL>
<P><STRONG><a name="[3e]"></a>CTIMER4_IRQHandler</STRONG> (Thumb, 4 bytes, Stack size 0 bytes, startup_lpc54608.o(.text))
<BR>[Address Reference Count : 1]<UL><LI> startup_lpc54608.o(RESET)
</UL>
<P><STRONG><a name="[3f]"></a>RIT_IRQHandler</STRONG> (Thumb, 4 bytes, Stack size 0 bytes, startup_lpc54608.o(.text))
<BR>[Address Reference Count : 1]<UL><LI> startup_lpc54608.o(RESET)
</UL>
<P><STRONG><a name="[40]"></a>SPIFI0_IRQHandler</STRONG> (Thumb, 4 bytes, Stack size 0 bytes, startup_lpc54608.o(.text))
<BR>[Address Reference Count : 1]<UL><LI> startup_lpc54608.o(RESET)
</UL>
<P><STRONG><a name="[41]"></a>FLEXCOMM8_IRQHandler</STRONG> (Thumb, 4 bytes, Stack size 0 bytes, startup_lpc54608.o(.text))
<BR>[Address Reference Count : 1]<UL><LI> startup_lpc54608.o(RESET)
</UL>
<P><STRONG><a name="[42]"></a>FLEXCOMM9_IRQHandler</STRONG> (Thumb, 4 bytes, Stack size 0 bytes, startup_lpc54608.o(.text))
<BR>[Address Reference Count : 1]<UL><LI> startup_lpc54608.o(RESET)
</UL>
<P><STRONG><a name="[43]"></a>SDIO_IRQHandler</STRONG> (Thumb, 4 bytes, Stack size 0 bytes, startup_lpc54608.o(.text))
<BR>[Address Reference Count : 1]<UL><LI> startup_lpc54608.o(RESET)
</UL>
<P><STRONG><a name="[44]"></a>CAN0_IRQ0_IRQHandler</STRONG> (Thumb, 4 bytes, Stack size 0 bytes, startup_lpc54608.o(.text))
<BR>[Address Reference Count : 1]<UL><LI> startup_lpc54608.o(RESET)
</UL>
<P><STRONG><a name="[45]"></a>CAN0_IRQ1_IRQHandler</STRONG> (Thumb, 4 bytes, Stack size 0 bytes, startup_lpc54608.o(.text))
<BR>[Address Reference Count : 1]<UL><LI> startup_lpc54608.o(RESET)
</UL>
<P><STRONG><a name="[46]"></a>CAN1_IRQ0_IRQHandler</STRONG> (Thumb, 4 bytes, Stack size 0 bytes, startup_lpc54608.o(.text))
<BR>[Address Reference Count : 1]<UL><LI> startup_lpc54608.o(RESET)
</UL>
<P><STRONG><a name="[47]"></a>CAN1_IRQ1_IRQHandler</STRONG> (Thumb, 4 bytes, Stack size 0 bytes, startup_lpc54608.o(.text))
<BR>[Address Reference Count : 1]<UL><LI> startup_lpc54608.o(RESET)
</UL>
<P><STRONG><a name="[48]"></a>USB1_IRQHandler</STRONG> (Thumb, 4 bytes, Stack size 0 bytes, startup_lpc54608.o(.text))
<BR>[Address Reference Count : 1]<UL><LI> startup_lpc54608.o(RESET)
</UL>
<P><STRONG><a name="[49]"></a>USB1_NEEDCLK_IRQHandler</STRONG> (Thumb, 4 bytes, Stack size 0 bytes, startup_lpc54608.o(.text))
<BR>[Address Reference Count : 1]<UL><LI> startup_lpc54608.o(RESET)
</UL>
<P><STRONG><a name="[4a]"></a>ETHERNET_IRQHandler</STRONG> (Thumb, 4 bytes, Stack size 0 bytes, startup_lpc54608.o(.text))
<BR>[Address Reference Count : 1]<UL><LI> startup_lpc54608.o(RESET)
</UL>
<P><STRONG><a name="[4b]"></a>ETHERNET_PMT_IRQHandler</STRONG> (Thumb, 4 bytes, Stack size 0 bytes, startup_lpc54608.o(.text))
<BR>[Address Reference Count : 1]<UL><LI> startup_lpc54608.o(RESET)
</UL>
<P><STRONG><a name="[4c]"></a>ETHERNET_MACLP_IRQHandler</STRONG> (Thumb, 4 bytes, Stack size 0 bytes, startup_lpc54608.o(.text))
<BR>[Address Reference Count : 1]<UL><LI> startup_lpc54608.o(RESET)
</UL>
<P><STRONG><a name="[4d]"></a>EEPROM_IRQHandler</STRONG> (Thumb, 4 bytes, Stack size 0 bytes, startup_lpc54608.o(.text))
<BR>[Address Reference Count : 1]<UL><LI> startup_lpc54608.o(RESET)
</UL>
<P><STRONG><a name="[4f]"></a>SHA_IRQHandler</STRONG> (Thumb, 4 bytes, Stack size 0 bytes, startup_lpc54608.o(.text))
<BR>[Address Reference Count : 1]<UL><LI> startup_lpc54608.o(RESET)
</UL>
<P><STRONG><a name="[50]"></a>SMARTCARD0_IRQHandler</STRONG> (Thumb, 4 bytes, Stack size 0 bytes, startup_lpc54608.o(.text))
<BR>[Address Reference Count : 1]<UL><LI> startup_lpc54608.o(RESET)
</UL>
<P><STRONG><a name="[51]"></a>SMARTCARD1_IRQHandler</STRONG> (Thumb, 4 bytes, Stack size 0 bytes, startup_lpc54608.o(.text))
<BR>[Address Reference Count : 1]<UL><LI> startup_lpc54608.o(RESET)
</UL>
<P><STRONG><a name="[6b]"></a>ADC0_SEQA_DriverIRQHandler</STRONG> (Thumb, 0 bytes, Stack size 0 bytes, startup_lpc54608.o(.text))
<BR><BR>[Calls]<UL><LI><a href="#[6b]">&gt;&gt;</a>&nbsp;&nbsp;&nbsp;ADC0_SEQA_DriverIRQHandler
</UL>
<BR>[Called By]<UL><LI><a href="#[6b]">&gt;&gt;</a>&nbsp;&nbsp;&nbsp;ADC0_SEQA_DriverIRQHandler
</UL>
<BR>[Address Reference Count : 1]<UL><LI> startup_lpc54608.o(.text)
</UL>
<P><STRONG><a name="[6c]"></a>ADC0_SEQB_DriverIRQHandler</STRONG> (Thumb, 0 bytes, Stack size 0 bytes, startup_lpc54608.o(.text))
<BR>[Address Reference Count : 1]<UL><LI> startup_lpc54608.o(.text)
</UL>
<P><STRONG><a name="[6d]"></a>ADC0_THCMP_DriverIRQHandler</STRONG> (Thumb, 0 bytes, Stack size 0 bytes, startup_lpc54608.o(.text))
<BR>[Address Reference Count : 1]<UL><LI> startup_lpc54608.o(.text)
</UL>
<P><STRONG><a name="[80]"></a>CAN0_IRQ0_DriverIRQHandler</STRONG> (Thumb, 0 bytes, Stack size 0 bytes, startup_lpc54608.o(.text))
<BR>[Address Reference Count : 1]<UL><LI> startup_lpc54608.o(.text)
</UL>
<P><STRONG><a name="[81]"></a>CAN0_IRQ1_DriverIRQHandler</STRONG> (Thumb, 0 bytes, Stack size 0 bytes, startup_lpc54608.o(.text))
<BR>[Address Reference Count : 1]<UL><LI> startup_lpc54608.o(.text)
</UL>
<P><STRONG><a name="[82]"></a>CAN1_IRQ0_DriverIRQHandler</STRONG> (Thumb, 0 bytes, Stack size 0 bytes, startup_lpc54608.o(.text))
<BR>[Address Reference Count : 1]<UL><LI> startup_lpc54608.o(.text)
</UL>
<P><STRONG><a name="[83]"></a>CAN1_IRQ1_DriverIRQHandler</STRONG> (Thumb, 0 bytes, Stack size 0 bytes, startup_lpc54608.o(.text))
<BR>[Address Reference Count : 1]<UL><LI> startup_lpc54608.o(.text)
</UL>
<P><STRONG><a name="[5f]"></a>CTIMER0_DriverIRQHandler</STRONG> (Thumb, 0 bytes, Stack size 0 bytes, startup_lpc54608.o(.text))
<BR>[Address Reference Count : 1]<UL><LI> startup_lpc54608.o(.text)
</UL>
<P><STRONG><a name="[60]"></a>CTIMER1_DriverIRQHandler</STRONG> (Thumb, 0 bytes, Stack size 0 bytes, startup_lpc54608.o(.text))
<BR>[Address Reference Count : 1]<UL><LI> startup_lpc54608.o(.text)
</UL>
<P><STRONG><a name="[79]"></a>CTIMER2_DriverIRQHandler</STRONG> (Thumb, 0 bytes, Stack size 0 bytes, startup_lpc54608.o(.text))
<BR>[Address Reference Count : 1]<UL><LI> startup_lpc54608.o(.text)
</UL>
<P><STRONG><a name="[62]"></a>CTIMER3_DriverIRQHandler</STRONG> (Thumb, 0 bytes, Stack size 0 bytes, startup_lpc54608.o(.text))
<BR>[Address Reference Count : 1]<UL><LI> startup_lpc54608.o(.text)
</UL>
<P><STRONG><a name="[7a]"></a>CTIMER4_DriverIRQHandler</STRONG> (Thumb, 0 bytes, Stack size 0 bytes, startup_lpc54608.o(.text))
<BR>[Address Reference Count : 1]<UL><LI> startup_lpc54608.o(.text)
</UL>
<P><STRONG><a name="[56]"></a>DMA0_DriverIRQHandler</STRONG> (Thumb, 0 bytes, Stack size 0 bytes, startup_lpc54608.o(.text))
<BR>[Address Reference Count : 1]<UL><LI> startup_lpc54608.o(.text)
</UL>
<P><STRONG><a name="[6e]"></a>DMIC0_DriverIRQHandler</STRONG> (Thumb, 0 bytes, Stack size 0 bytes, startup_lpc54608.o(.text))
<BR>[Address Reference Count : 1]<UL><LI> startup_lpc54608.o(.text)
</UL>
<P><STRONG><a name="[89]"></a>EEPROM_DriverIRQHandler</STRONG> (Thumb, 0 bytes, Stack size 0 bytes, startup_lpc54608.o(.text))
<BR>[Address Reference Count : 1]<UL><LI> startup_lpc54608.o(.text)
</UL>
<P><STRONG><a name="[86]"></a>ETHERNET_DriverIRQHandler</STRONG> (Thumb, 0 bytes, Stack size 0 bytes, startup_lpc54608.o(.text))
<BR>[Address Reference Count : 1]<UL><LI> startup_lpc54608.o(.text)
</UL>
<P><STRONG><a name="[88]"></a>ETHERNET_MACLP_DriverIRQHandler</STRONG> (Thumb, 0 bytes, Stack size 0 bytes, startup_lpc54608.o(.text))
<BR>[Address Reference Count : 1]<UL><LI> startup_lpc54608.o(.text)
</UL>
<P><STRONG><a name="[87]"></a>ETHERNET_PMT_DriverIRQHandler</STRONG> (Thumb, 0 bytes, Stack size 0 bytes, startup_lpc54608.o(.text))
<BR>[Address Reference Count : 1]<UL><LI> startup_lpc54608.o(.text)
</UL>
<P><STRONG><a name="[57]"></a>GINT0_DriverIRQHandler</STRONG> (Thumb, 0 bytes, Stack size 0 bytes, startup_lpc54608.o(.text))
<BR>[Address Reference Count : 1]<UL><LI> startup_lpc54608.o(.text)
</UL>
<P><STRONG><a name="[58]"></a>GINT1_DriverIRQHandler</STRONG> (Thumb, 0 bytes, Stack size 0 bytes, startup_lpc54608.o(.text))
<BR>[Address Reference Count : 1]<UL><LI> startup_lpc54608.o(.text)
</UL>
<P><STRONG><a name="[6f]"></a>HWVAD0_DriverIRQHandler</STRONG> (Thumb, 0 bytes, Stack size 0 bytes, startup_lpc54608.o(.text))
<BR>[Address Reference Count : 1]<UL><LI> startup_lpc54608.o(.text)
</UL>
<P><STRONG><a name="[8a]"></a>LCD_DriverIRQHandler</STRONG> (Thumb, 0 bytes, Stack size 0 bytes, startup_lpc54608.o(.text))
<BR>[Address Reference Count : 1]<UL><LI> startup_lpc54608.o(.text)
</UL>
<P><STRONG><a name="[5e]"></a>MRT0_DriverIRQHandler</STRONG> (Thumb, 0 bytes, Stack size 0 bytes, startup_lpc54608.o(.text))
<BR>[Address Reference Count : 1]<UL><LI> startup_lpc54608.o(.text)
</UL>
<P><STRONG><a name="[59]"></a>PIN_INT0_DriverIRQHandler</STRONG> (Thumb, 0 bytes, Stack size 0 bytes, startup_lpc54608.o(.text))
<BR>[Address Reference Count : 1]<UL><LI> startup_lpc54608.o(.text)
</UL>
<P><STRONG><a name="[5a]"></a>PIN_INT1_DriverIRQHandler</STRONG> (Thumb, 0 bytes, Stack size 0 bytes, startup_lpc54608.o(.text))
<BR>[Address Reference Count : 1]<UL><LI> startup_lpc54608.o(.text)
</UL>
<P><STRONG><a name="[5b]"></a>PIN_INT2_DriverIRQHandler</STRONG> (Thumb, 0 bytes, Stack size 0 bytes, startup_lpc54608.o(.text))
<BR>[Address Reference Count : 1]<UL><LI> startup_lpc54608.o(.text)
</UL>
<P><STRONG><a name="[5c]"></a>PIN_INT3_DriverIRQHandler</STRONG> (Thumb, 0 bytes, Stack size 0 bytes, startup_lpc54608.o(.text))
<BR>[Address Reference Count : 1]<UL><LI> startup_lpc54608.o(.text)
</UL>
<P><STRONG><a name="[75]"></a>PIN_INT4_DriverIRQHandler</STRONG> (Thumb, 0 bytes, Stack size 0 bytes, startup_lpc54608.o(.text))
<BR>[Address Reference Count : 1]<UL><LI> startup_lpc54608.o(.text)
</UL>
<P><STRONG><a name="[76]"></a>PIN_INT5_DriverIRQHandler</STRONG> (Thumb, 0 bytes, Stack size 0 bytes, startup_lpc54608.o(.text))
<BR>[Address Reference Count : 1]<UL><LI> startup_lpc54608.o(.text)
</UL>
<P><STRONG><a name="[77]"></a>PIN_INT6_DriverIRQHandler</STRONG> (Thumb, 0 bytes, Stack size 0 bytes, startup_lpc54608.o(.text))
<BR>[Address Reference Count : 1]<UL><LI> startup_lpc54608.o(.text)
</UL>
<P><STRONG><a name="[78]"></a>PIN_INT7_DriverIRQHandler</STRONG> (Thumb, 0 bytes, Stack size 0 bytes, startup_lpc54608.o(.text))
<BR>[Address Reference Count : 1]<UL><LI> startup_lpc54608.o(.text)
</UL>
<P><STRONG><a name="[7b]"></a>RIT_DriverIRQHandler</STRONG> (Thumb, 0 bytes, Stack size 0 bytes, startup_lpc54608.o(.text))
<BR>[Address Reference Count : 1]<UL><LI> startup_lpc54608.o(.text)
</UL>
<P><STRONG><a name="[72]"></a>RTC_DriverIRQHandler</STRONG> (Thumb, 0 bytes, Stack size 0 bytes, startup_lpc54608.o(.text))
<BR>[Address Reference Count : 1]<UL><LI> startup_lpc54608.o(.text)
</UL>
<P><STRONG><a name="[73]"></a>Reserved46_DriverIRQHandler</STRONG> (Thumb, 0 bytes, Stack size 0 bytes, startup_lpc54608.o(.text))
<BR>[Address Reference Count : 1]<UL><LI> startup_lpc54608.o(.text)
</UL>
<P><STRONG><a name="[74]"></a>Reserved47_DriverIRQHandler</STRONG> (Thumb, 0 bytes, Stack size 0 bytes, startup_lpc54608.o(.text))
<BR>[Address Reference Count : 1]<UL><LI> startup_lpc54608.o(.text)
</UL>
<P><STRONG><a name="[61]"></a>SCT0_DriverIRQHandler</STRONG> (Thumb, 0 bytes, Stack size 0 bytes, startup_lpc54608.o(.text))
<BR>[Address Reference Count : 1]<UL><LI> startup_lpc54608.o(.text)
</UL>
<P><STRONG><a name="[7f]"></a>SDIO_DriverIRQHandler</STRONG> (Thumb, 0 bytes, Stack size 0 bytes, startup_lpc54608.o(.text))
<BR>[Address Reference Count : 1]<UL><LI> startup_lpc54608.o(.text)
</UL>
<P><STRONG><a name="[8b]"></a>SHA_DriverIRQHandler</STRONG> (Thumb, 0 bytes, Stack size 0 bytes, startup_lpc54608.o(.text))
<BR>[Address Reference Count : 1]<UL><LI> startup_lpc54608.o(.text)
</UL>
<P><STRONG><a name="[8c]"></a>SMARTCARD0_DriverIRQHandler</STRONG> (Thumb, 0 bytes, Stack size 0 bytes, startup_lpc54608.o(.text))
<BR>[Address Reference Count : 1]<UL><LI> startup_lpc54608.o(.text)
</UL>
<P><STRONG><a name="[8d]"></a>SMARTCARD1_DriverIRQHandler</STRONG> (Thumb, 0 bytes, Stack size 0 bytes, startup_lpc54608.o(.text))
<BR>[Address Reference Count : 1]<UL><LI> startup_lpc54608.o(.text)
</UL>
<P><STRONG><a name="[7c]"></a>SPIFI0_DriverIRQHandler</STRONG> (Thumb, 0 bytes, Stack size 0 bytes, startup_lpc54608.o(.text))
<BR>[Address Reference Count : 1]<UL><LI> startup_lpc54608.o(.text)
</UL>
<P><STRONG><a name="[71]"></a>USB0_DriverIRQHandler</STRONG> (Thumb, 0 bytes, Stack size 0 bytes, startup_lpc54608.o(.text))
<BR>[Address Reference Count : 1]<UL><LI> startup_lpc54608.o(.text)
</UL>
<P><STRONG><a name="[70]"></a>USB0_NEEDCLK_DriverIRQHandler</STRONG> (Thumb, 0 bytes, Stack size 0 bytes, startup_lpc54608.o(.text))
<BR>[Address Reference Count : 1]<UL><LI> startup_lpc54608.o(.text)
</UL>
<P><STRONG><a name="[84]"></a>USB1_DriverIRQHandler</STRONG> (Thumb, 0 bytes, Stack size 0 bytes, startup_lpc54608.o(.text))
<BR>[Address Reference Count : 1]<UL><LI> startup_lpc54608.o(.text)
</UL>
<P><STRONG><a name="[85]"></a>USB1_NEEDCLK_DriverIRQHandler</STRONG> (Thumb, 0 bytes, Stack size 0 bytes, startup_lpc54608.o(.text))
<BR>[Address Reference Count : 1]<UL><LI> startup_lpc54608.o(.text)
</UL>
<P><STRONG><a name="[5d]"></a>UTICK0_DriverIRQHandler</STRONG> (Thumb, 0 bytes, Stack size 0 bytes, startup_lpc54608.o(.text))
<BR>[Address Reference Count : 1]<UL><LI> startup_lpc54608.o(.text)
</UL>
<P><STRONG><a name="[55]"></a>WDT_BOD_DriverIRQHandler</STRONG> (Thumb, 0 bytes, Stack size 0 bytes, startup_lpc54608.o(.text))
<BR>[Address Reference Count : 1]<UL><LI> startup_lpc54608.o(.text)
</UL>
<P><STRONG><a name="[123]"></a>__aeabi_uldivmod</STRONG> (Thumb, 98 bytes, Stack size 40 bytes, uldiv.o(.text))
<BR><BR>[Stack]<UL><LI>Max Depth = 40<LI>Call Chain = __aeabi_uldivmod
</UL>
<BR>[Calls]<UL><LI><a href="#[124]">&gt;&gt;</a>&nbsp;&nbsp;&nbsp;__aeabi_llsr
<LI><a href="#[125]">&gt;&gt;</a>&nbsp;&nbsp;&nbsp;__aeabi_llsl
</UL>
<BR>[Called By]<UL><LI><a href="#[186]">&gt;&gt;</a>&nbsp;&nbsp;&nbsp;CLOCK_GetUsbPLLOutFromSetup
<LI><a href="#[17d]">&gt;&gt;</a>&nbsp;&nbsp;&nbsp;CLOCK_GetFrgClkFreq
<LI><a href="#[18d]">&gt;&gt;</a>&nbsp;&nbsp;&nbsp;ConvertRadixNumToString
<LI><a href="#[126]">&gt;&gt;</a>&nbsp;&nbsp;&nbsp;__aeabi_ldivmod
</UL>

<P><STRONG><a name="[126]"></a>__aeabi_ldivmod</STRONG> (Thumb, 98 bytes, Stack size 24 bytes, ldiv.o(.text))
<BR><BR>[Stack]<UL><LI>Max Depth = 64<LI>Call Chain = __aeabi_ldivmod &rArr; __aeabi_uldivmod
</UL>
<BR>[Calls]<UL><LI><a href="#[123]">&gt;&gt;</a>&nbsp;&nbsp;&nbsp;__aeabi_uldivmod
</UL>
<BR>[Called By]<UL><LI><a href="#[18d]">&gt;&gt;</a>&nbsp;&nbsp;&nbsp;ConvertRadixNumToString
</UL>

<P><STRONG><a name="[42a]"></a>____aeabi_memcpy8$ret$move</STRONG> (Thumb, 0 bytes, Stack size 8 bytes, memmove.o(.text), UNUSED)

<P><STRONG><a name="[42b]"></a>___aeabi_memmove4$ret</STRONG> (Thumb, 0 bytes, Stack size 8 bytes, memmove.o(.text), UNUSED)

<P><STRONG><a name="[42c]"></a>___aeabi_memmove8$ret</STRONG> (Thumb, 0 bytes, Stack size 8 bytes, memmove.o(.text), UNUSED)

<P><STRONG><a name="[3ed]"></a>__aeabi_memcpy</STRONG> (Thumb, 66 bytes, Stack size 8 bytes, memmove.o(.text))
<BR><BR>[Stack]<UL><LI>Max Depth = 8<LI>Call Chain = __aeabi_memcpy
</UL>
<BR>[Called By]<UL><LI><a href="#[3ee]">&gt;&gt;</a>&nbsp;&nbsp;&nbsp;prvCopyDataToQueue
<LI><a href="#[3ec]">&gt;&gt;</a>&nbsp;&nbsp;&nbsp;prvCopyDataFromQueue
</UL>

<P><STRONG><a name="[151]"></a>__aeabi_memcpy4</STRONG> (Thumb, 0 bytes, Stack size 8 bytes, memmove.o(.text))
<BR><BR>[Stack]<UL><LI>Max Depth = 8<LI>Call Chain = __aeabi_memcpy4
</UL>
<BR>[Called By]<UL><LI><a href="#[22a]">&gt;&gt;</a>&nbsp;&nbsp;&nbsp;GUI_SaveContext_W
<LI><a href="#[229]">&gt;&gt;</a>&nbsp;&nbsp;&nbsp;GUI_RestoreContext
<LI><a href="#[14e]">&gt;&gt;</a>&nbsp;&nbsp;&nbsp;BUTTON_CreateUser
</UL>

<P><STRONG><a name="[3a4]"></a>__aeabi_memmove</STRONG> (Thumb, 0 bytes, Stack size 8 bytes, memmove.o(.text))
<BR><BR>[Stack]<UL><LI>Max Depth = 8<LI>Call Chain = __aeabi_memmove
</UL>
<BR>[Called By]<UL><LI><a href="#[1c3]">&gt;&gt;</a>&nbsp;&nbsp;&nbsp;_RemoveHoles
</UL>

<P><STRONG><a name="[6]"></a>memcpy</STRONG> (Thumb, 0 bytes, Stack size 8 bytes, memmove.o(.text))
<BR><BR>[Stack]<UL><LI>Max Depth = 8<LI>Call Chain = memcpy
</UL>
<BR>[Address Reference Count : 1]<UL><LI> GUI__Private.o(.data)
</UL>
<P><STRONG><a name="[42d]"></a>memmove</STRONG> (Thumb, 0 bytes, Stack size 8 bytes, memmove.o(.text), UNUSED)

<P><STRONG><a name="[128]"></a>__aeabi_memset</STRONG> (Thumb, 14 bytes, Stack size 0 bytes, memseta.o(.text))
<BR><BR>[Called By]<UL><LI><a href="#[3f3]">&gt;&gt;</a>&nbsp;&nbsp;&nbsp;prvInitialiseNewTask
<LI><a href="#[111]">&gt;&gt;</a>&nbsp;&nbsp;&nbsp;GUI_USAGE_BM_AddHLine
<LI><a href="#[5]">&gt;&gt;</a>&nbsp;&nbsp;&nbsp;memset
<LI><a href="#[127]">&gt;&gt;</a>&nbsp;&nbsp;&nbsp;__aeabi_memclr
</UL>

<P><STRONG><a name="[42e]"></a>__aeabi_memset4</STRONG> (Thumb, 0 bytes, Stack size 0 bytes, memseta.o(.text), UNUSED)

<P><STRONG><a name="[42f]"></a>__aeabi_memset8</STRONG> (Thumb, 0 bytes, Stack size 0 bytes, memseta.o(.text), UNUSED)

<P><STRONG><a name="[127]"></a>__aeabi_memclr</STRONG> (Thumb, 4 bytes, Stack size 0 bytes, memseta.o(.text), UNUSED)
<BR><BR>[Calls]<UL><LI><a href="#[128]">&gt;&gt;</a>&nbsp;&nbsp;&nbsp;__aeabi_memset
</UL>

<P><STRONG><a name="[18e]"></a>__aeabi_memclr4</STRONG> (Thumb, 0 bytes, Stack size 0 bytes, memseta.o(.text))
<BR><BR>[Called By]<UL><LI><a href="#[3dd]">&gt;&gt;</a>&nbsp;&nbsp;&nbsp;touch_init
<LI><a href="#[193]">&gt;&gt;</a>&nbsp;&nbsp;&nbsp;DbgConsole_Printf
<LI><a href="#[27e]">&gt;&gt;</a>&nbsp;&nbsp;&nbsp;SPI_MasterGetDefaultConfig
<LI><a href="#[138]">&gt;&gt;</a>&nbsp;&nbsp;&nbsp;DbgConsole_Init
<LI><a href="#[12b]">&gt;&gt;</a>&nbsp;&nbsp;&nbsp;LCDC_GetDefaultConfig
<LI><a href="#[af]">&gt;&gt;</a>&nbsp;&nbsp;&nbsp;_SetPos
<LI><a href="#[4]">&gt;&gt;</a>&nbsp;&nbsp;&nbsp;_Create
<LI><a href="#[112]">&gt;&gt;</a>&nbsp;&nbsp;&nbsp;GUI_USAGE_BM_Clear
</UL>

<P><STRONG><a name="[430]"></a>__aeabi_memclr8</STRONG> (Thumb, 0 bytes, Stack size 0 bytes, memseta.o(.text), UNUSED)

<P><STRONG><a name="[5]"></a>memset</STRONG> (Thumb, 18 bytes, Stack size 8 bytes, memseta.o(.text))
<BR><BR>[Stack]<UL><LI>Max Depth = 8<LI>Call Chain = memset
</UL>
<BR>[Calls]<UL><LI><a href="#[128]">&gt;&gt;</a>&nbsp;&nbsp;&nbsp;__aeabi_memset
</UL>
<BR>[Address Reference Count : 1]<UL><LI> GUI__Private.o(.data)
</UL>
<P><STRONG><a name="[8]"></a>strlen</STRONG> (Thumb, 14 bytes, Stack size 0 bytes, strlen.o(.text))
<BR><BR>[Called By]<UL><LI><a href="#[194]">&gt;&gt;</a>&nbsp;&nbsp;&nbsp;StrFormatPrintf
</UL>
<BR>[Address Reference Count : 1]<UL><LI> GUI__Private.o(.data)
</UL>
<P><STRONG><a name="[7]"></a>strcmp</STRONG> (Thumb, 28 bytes, Stack size 8 bytes, strcmp.o(.text))
<BR><BR>[Stack]<UL><LI>Max Depth = 8<LI>Call Chain = strcmp
</UL>
<BR>[Address Reference Count : 1]<UL><LI> GUI__Private.o(.data)
</UL>
<P><STRONG><a name="[9]"></a>strcpy</STRONG> (Thumb, 18 bytes, Stack size 0 bytes, strcpy.o(.text))
<BR>[Address Reference Count : 1]<UL><LI> GUI__Private.o(.data)
</UL>
<P><STRONG><a name="[431]"></a>__aeabi_uidiv</STRONG> (Thumb, 0 bytes, Stack size 12 bytes, uidiv.o(.text), UNUSED)

<P><STRONG><a name="[3a8]"></a>__aeabi_uidivmod</STRONG> (Thumb, 44 bytes, Stack size 12 bytes, uidiv.o(.text), UNUSED)
<BR><BR>[Called By]<UL><LI><a href="#[3a7]">&gt;&gt;</a>&nbsp;&nbsp;&nbsp;_printf_core
</UL>

<P><STRONG><a name="[125]"></a>__aeabi_llsl</STRONG> (Thumb, 30 bytes, Stack size 0 bytes, llshl.o(.text))
<BR><BR>[Called By]<UL><LI><a href="#[123]">&gt;&gt;</a>&nbsp;&nbsp;&nbsp;__aeabi_uldivmod
</UL>

<P><STRONG><a name="[432]"></a>_ll_shift_l</STRONG> (Thumb, 0 bytes, Stack size 0 bytes, llshl.o(.text), UNUSED)

<P><STRONG><a name="[124]"></a>__aeabi_llsr</STRONG> (Thumb, 32 bytes, Stack size 0 bytes, llushr.o(.text))
<BR><BR>[Called By]<UL><LI><a href="#[123]">&gt;&gt;</a>&nbsp;&nbsp;&nbsp;__aeabi_uldivmod
</UL>

<P><STRONG><a name="[433]"></a>_ll_ushift_r</STRONG> (Thumb, 0 bytes, Stack size 0 bytes, llushr.o(.text), UNUSED)

<P><STRONG><a name="[121]"></a>__scatterload</STRONG> (Thumb, 28 bytes, Stack size 0 bytes, init.o(.text))
<BR><BR>[Calls]<UL><LI><a href="#[129]">&gt;&gt;</a>&nbsp;&nbsp;&nbsp;__main_after_scatterload
</UL>
<BR>[Called By]<UL><LI><a href="#[120]">&gt;&gt;</a>&nbsp;&nbsp;&nbsp;_main_scatterload
</UL>

<P><STRONG><a name="[434]"></a>__scatterload_rt2</STRONG> (Thumb, 0 bytes, Stack size 0 bytes, init.o(.text), UNUSED)

<P><STRONG><a name="[435]"></a>__decompress</STRONG> (Thumb, 0 bytes, Stack size unknown bytes, __dczerorl2.o(.text), UNUSED)

<P><STRONG><a name="[436]"></a>__decompress1</STRONG> (Thumb, 86 bytes, Stack size unknown bytes, __dczerorl2.o(.text), UNUSED)

<P><STRONG><a name="[12a]"></a>APP_LCDC_Init</STRONG> (Thumb, 202 bytes, Stack size 48 bytes, emwin_config.o(i.APP_LCDC_Init))
<BR><BR>[Stack]<UL><LI>Max Depth = 568<LI>Call Chain = APP_LCDC_Init &rArr; LCDC_Init &rArr; RESET_PeripheralReset &rArr; RESET_SetPeripheralReset &rArr; __aeabi_assert &rArr; DbgConsole_Printf &rArr; StrFormatPrintf &rArr; ConvertRadixNumToString &rArr; __aeabi_ldivmod &rArr; __aeabi_uldivmod
</UL>
<BR>[Calls]<UL><LI><a href="#[12c]">&gt;&gt;</a>&nbsp;&nbsp;&nbsp;CLOCK_GetFreq
<LI><a href="#[12d]">&gt;&gt;</a>&nbsp;&nbsp;&nbsp;LCDC_Init
<LI><a href="#[12b]">&gt;&gt;</a>&nbsp;&nbsp;&nbsp;LCDC_GetDefaultConfig
<LI><a href="#[12e]">&gt;&gt;</a>&nbsp;&nbsp;&nbsp;LCDC_EnableInterrupts
</UL>
<BR>[Called By]<UL><LI><a href="#[52]">&gt;&gt;</a>&nbsp;&nbsp;&nbsp;main
</UL>

<P><STRONG><a name="[12f]"></a>BOARD_BootClockFROHF96M</STRONG> (Thumb, 56 bytes, Stack size 8 bytes, clock_config.o(i.BOARD_BootClockFROHF96M))
<BR><BR>[Stack]<UL><LI>Max Depth = 28<LI>Call Chain = BOARD_BootClockFROHF96M &rArr; CLOCK_AttachClk
</UL>
<BR>[Calls]<UL><LI><a href="#[135]">&gt;&gt;</a>&nbsp;&nbsp;&nbsp;CLOCK_SetClkDiv
<LI><a href="#[131]">&gt;&gt;</a>&nbsp;&nbsp;&nbsp;CLOCK_AttachClk
<LI><a href="#[132]">&gt;&gt;</a>&nbsp;&nbsp;&nbsp;POWER_SetVoltageForFreq
<LI><a href="#[134]">&gt;&gt;</a>&nbsp;&nbsp;&nbsp;CLOCK_SetupFROClocking
<LI><a href="#[133]">&gt;&gt;</a>&nbsp;&nbsp;&nbsp;CLOCK_SetFLASHAccessCyclesForFreq
<LI><a href="#[130]">&gt;&gt;</a>&nbsp;&nbsp;&nbsp;POWER_DisablePD
</UL>
<BR>[Called By]<UL><LI><a href="#[52]">&gt;&gt;</a>&nbsp;&nbsp;&nbsp;main
</UL>

<P><STRONG><a name="[136]"></a>BOARD_InitDebugConsole</STRONG> (Thumb, 58 bytes, Stack size 16 bytes, board.o(i.BOARD_InitDebugConsole))
<BR><BR>[Stack]<UL><LI>Max Depth = 704<LI>Call Chain = BOARD_InitDebugConsole &rArr; DbgConsole_Init &rArr; SerialManager_Init &rArr; Serial_UartInit &rArr; HAL_UartInit &rArr; USART_Init &rArr; USART_SetBaudRate &rArr; __aeabi_assert &rArr; DbgConsole_Printf &rArr; StrFormatPrintf &rArr; ConvertRadixNumToString &rArr; __aeabi_ldivmod &rArr; __aeabi_uldivmod
</UL>
<BR>[Calls]<UL><LI><a href="#[139]">&gt;&gt;</a>&nbsp;&nbsp;&nbsp;__aeabi_assert
<LI><a href="#[131]">&gt;&gt;</a>&nbsp;&nbsp;&nbsp;CLOCK_AttachClk
<LI><a href="#[137]">&gt;&gt;</a>&nbsp;&nbsp;&nbsp;RESET_PeripheralReset
<LI><a href="#[138]">&gt;&gt;</a>&nbsp;&nbsp;&nbsp;DbgConsole_Init
<LI><a href="#[12c]">&gt;&gt;</a>&nbsp;&nbsp;&nbsp;CLOCK_GetFreq
</UL>
<BR>[Called By]<UL><LI><a href="#[52]">&gt;&gt;</a>&nbsp;&nbsp;&nbsp;main
</UL>

<P><STRONG><a name="[13a]"></a>BOARD_InitPins</STRONG> (Thumb, 62 bytes, Stack size 8 bytes, pin_mux.o(i.BOARD_InitPins))
<BR><BR>[Stack]<UL><LI>Max Depth = 176<LI>Call Chain = BOARD_InitPins &rArr; EMC_InitPins &rArr; IOCON_PinMuxSet
</UL>
<BR>[Calls]<UL><LI><a href="#[13e]">&gt;&gt;</a>&nbsp;&nbsp;&nbsp;USB_InitPins
<LI><a href="#[140]">&gt;&gt;</a>&nbsp;&nbsp;&nbsp;Touch_InitPins
<LI><a href="#[13d]">&gt;&gt;</a>&nbsp;&nbsp;&nbsp;LED_KEY_InitPins
<LI><a href="#[13c]">&gt;&gt;</a>&nbsp;&nbsp;&nbsp;LCD_InitPins
<LI><a href="#[13f]">&gt;&gt;</a>&nbsp;&nbsp;&nbsp;FC_InitPins
<LI><a href="#[13b]">&gt;&gt;</a>&nbsp;&nbsp;&nbsp;EMC_InitPins
</UL>
<BR>[Called By]<UL><LI><a href="#[52]">&gt;&gt;</a>&nbsp;&nbsp;&nbsp;main
</UL>

<P><STRONG><a name="[141]"></a>BOARD_InitSDRAM</STRONG> (Thumb, 164 bytes, Stack size 80 bytes, board.o(i.BOARD_InitSDRAM))
<BR><BR>[Stack]<UL><LI>Max Depth = 608<LI>Call Chain = BOARD_InitSDRAM &rArr; EMC_DynamicMemInit &rArr; SDK_DelayAtLeastUs &rArr; __aeabi_assert &rArr; DbgConsole_Printf &rArr; StrFormatPrintf &rArr; ConvertRadixNumToString &rArr; __aeabi_ldivmod &rArr; __aeabi_uldivmod
</UL>
<BR>[Calls]<UL><LI><a href="#[139]">&gt;&gt;</a>&nbsp;&nbsp;&nbsp;__aeabi_assert
<LI><a href="#[142]">&gt;&gt;</a>&nbsp;&nbsp;&nbsp;EMC_Init
<LI><a href="#[143]">&gt;&gt;</a>&nbsp;&nbsp;&nbsp;EMC_DynamicMemInit
<LI><a href="#[12c]">&gt;&gt;</a>&nbsp;&nbsp;&nbsp;CLOCK_GetFreq
</UL>
<BR>[Called By]<UL><LI><a href="#[52]">&gt;&gt;</a>&nbsp;&nbsp;&nbsp;main
</UL>

<P><STRONG><a name="[8e]"></a>BUTTON_Callback</STRONG> (Thumb, 216 bytes, Stack size 16 bytes, BUTTON.o(i.BUTTON_Callback))
<BR><BR>[Stack]<UL><LI>Max Depth = 280<LI>Call Chain = BUTTON_Callback &rArr; WIDGET_HandleActive &rArr; WM__UpdateChildPositions &rArr; WM_ResizeWindow &rArr;  WM__UpdateChildPositions (Cycle)
</UL>
<BR>[Calls]<UL><LI><a href="#[14c]">&gt;&gt;</a>&nbsp;&nbsp;&nbsp;WM_DefaultProc
<LI><a href="#[144]">&gt;&gt;</a>&nbsp;&nbsp;&nbsp;WIDGET_HandleActive
<LI><a href="#[146]">&gt;&gt;</a>&nbsp;&nbsp;&nbsp;GUI_ALLOC_UnlockH
<LI><a href="#[145]">&gt;&gt;</a>&nbsp;&nbsp;&nbsp;GUI_ALLOC_LockH
<LI><a href="#[148]">&gt;&gt;</a>&nbsp;&nbsp;&nbsp;GUI_ALLOC_FreePtrArray
<LI><a href="#[147]">&gt;&gt;</a>&nbsp;&nbsp;&nbsp;GUI_ALLOC_FreePtr
<LI><a href="#[14b]">&gt;&gt;</a>&nbsp;&nbsp;&nbsp;BUTTON_SetPressed
<LI><a href="#[14a]">&gt;&gt;</a>&nbsp;&nbsp;&nbsp;_OnButtonReleased
<LI><a href="#[149]">&gt;&gt;</a>&nbsp;&nbsp;&nbsp;_OnButtonPressed
</UL>
<BR>[Address Reference Count : 1]<UL><LI> BUTTON.o(i.BUTTON_CreateUser)
</UL>
<P><STRONG><a name="[14d]"></a>BUTTON_CreateEx</STRONG> (Thumb, 28 bytes, Stack size 40 bytes, BUTTON.o(i.BUTTON_CreateEx))
<BR><BR>[Stack]<UL><LI>Max Depth = 312<LI>Call Chain = BUTTON_CreateEx &rArr; BUTTON_CreateUser &rArr; WM_CreateWindowAsChild &rArr; WM_BringToBottom &rArr; WM__InvalidateRectEx &rArr; WM__InvalidateRect &rArr;  WM__InvalidateRect (Cycle)
</UL>
<BR>[Calls]<UL><LI><a href="#[14e]">&gt;&gt;</a>&nbsp;&nbsp;&nbsp;BUTTON_CreateUser
</UL>
<BR>[Called By]<UL><LI><a href="#[3c9]">&gt;&gt;</a>&nbsp;&nbsp;&nbsp;emwin_init
</UL>

<P><STRONG><a name="[14e]"></a>BUTTON_CreateUser</STRONG> (Thumb, 94 bytes, Stack size 40 bytes, BUTTON.o(i.BUTTON_CreateUser))
<BR><BR>[Stack]<UL><LI>Max Depth = 272<LI>Call Chain = BUTTON_CreateUser &rArr; WM_CreateWindowAsChild &rArr; WM_BringToBottom &rArr; WM__InvalidateRectEx &rArr; WM__InvalidateRect &rArr;  WM__InvalidateRect (Cycle)
</UL>
<BR>[Calls]<UL><LI><a href="#[14f]">&gt;&gt;</a>&nbsp;&nbsp;&nbsp;WM_CreateWindowAsChild
<LI><a href="#[150]">&gt;&gt;</a>&nbsp;&nbsp;&nbsp;WIDGET__Init
<LI><a href="#[146]">&gt;&gt;</a>&nbsp;&nbsp;&nbsp;GUI_ALLOC_UnlockH
<LI><a href="#[145]">&gt;&gt;</a>&nbsp;&nbsp;&nbsp;GUI_ALLOC_LockH
<LI><a href="#[151]">&gt;&gt;</a>&nbsp;&nbsp;&nbsp;__aeabi_memcpy4
</UL>
<BR>[Called By]<UL><LI><a href="#[14d]">&gt;&gt;</a>&nbsp;&nbsp;&nbsp;BUTTON_CreateEx
</UL>

<P><STRONG><a name="[1]"></a>BUTTON_DrawSkinFlex</STRONG> (Thumb, 562 bytes, Stack size 56 bytes, BUTTON_SkinFlex.o(i.BUTTON_DrawSkinFlex))
<BR><BR>[Stack]<UL><LI>Max Depth = 264<LI>Call Chain = BUTTON_DrawSkinFlex &rArr; GUI__DrawTwinArc4 &rArr; _DrawTwinArc4 &rArr; _GetTwinArcPara
</UL>
<BR>[Calls]<UL><LI><a href="#[153]">&gt;&gt;</a>&nbsp;&nbsp;&nbsp;GUI_SetColor
<LI><a href="#[159]">&gt;&gt;</a>&nbsp;&nbsp;&nbsp;WM__IsEnabled
<LI><a href="#[15e]">&gt;&gt;</a>&nbsp;&nbsp;&nbsp;GUI_SetTextMode
<LI><a href="#[15b]">&gt;&gt;</a>&nbsp;&nbsp;&nbsp;GUI_SetFont
<LI><a href="#[15d]">&gt;&gt;</a>&nbsp;&nbsp;&nbsp;GUI_MoveRect
<LI><a href="#[15c]">&gt;&gt;</a>&nbsp;&nbsp;&nbsp;GUI_GetClientRect
<LI><a href="#[157]">&gt;&gt;</a>&nbsp;&nbsp;&nbsp;GUI_DrawRect
<LI><a href="#[15f]">&gt;&gt;</a>&nbsp;&nbsp;&nbsp;GUI_DispStringInRect
<LI><a href="#[15a]">&gt;&gt;</a>&nbsp;&nbsp;&nbsp;GUI_DRAW__Draw
<LI><a href="#[146]">&gt;&gt;</a>&nbsp;&nbsp;&nbsp;GUI_ALLOC_UnlockH
<LI><a href="#[145]">&gt;&gt;</a>&nbsp;&nbsp;&nbsp;GUI_ALLOC_LockH
<LI><a href="#[160]">&gt;&gt;</a>&nbsp;&nbsp;&nbsp;WM_SetHasTrans
<LI><a href="#[152]">&gt;&gt;</a>&nbsp;&nbsp;&nbsp;GUI__DrawTwinArc4
<LI><a href="#[158]">&gt;&gt;</a>&nbsp;&nbsp;&nbsp;GUI_DrawGradientV
<LI><a href="#[156]">&gt;&gt;</a>&nbsp;&nbsp;&nbsp;GUI_FillRect
<LI><a href="#[155]">&gt;&gt;</a>&nbsp;&nbsp;&nbsp;GUI_DrawVLine
<LI><a href="#[154]">&gt;&gt;</a>&nbsp;&nbsp;&nbsp;GUI_DrawHLine
</UL>
<BR>[Address Reference Count : 1]<UL><LI> BUTTON.o(.data)
[...]
<BR><BR>[Stack]<UL><LI>Max Depth = 40<LI>Call Chain = _DrawBitLine4BPP
</UL>
<BR>[Called By]<UL><LI><a href="#[104]">&gt;&gt;</a>&nbsp;&nbsp;&nbsp;_DrawBitmap
</UL>

<P><STRONG><a name="[104]"></a>_DrawBitmap</STRONG> (Thumb, 666 bytes, Stack size 104 bytes, GUIDEV_32.o(i._DrawBitmap))
<BR><BR>[Stack]<UL><LI>Max Depth = 160<LI>Call Chain = _DrawBitmap &rArr; _DrawBitLine2BPP
</UL>
<BR>[Calls]<UL><LI><a href="#[146]">&gt;&gt;</a>&nbsp;&nbsp;&nbsp;GUI_ALLOC_UnlockH
<LI><a href="#[145]">&gt;&gt;</a>&nbsp;&nbsp;&nbsp;GUI_ALLOC_LockH
<LI><a href="#[38a]">&gt;&gt;</a>&nbsp;&nbsp;&nbsp;GUI_USAGE_AddRect
<LI><a href="#[38f]">&gt;&gt;</a>&nbsp;&nbsp;&nbsp;_XY2PTR
<LI><a href="#[393]">&gt;&gt;</a>&nbsp;&nbsp;&nbsp;_DrawBitLine4BPP
<LI><a href="#[390]">&gt;&gt;</a>&nbsp;&nbsp;&nbsp;_DrawBitLine32BPP_DDB
<LI><a href="#[392]">&gt;&gt;</a>&nbsp;&nbsp;&nbsp;_DrawBitLine2BPP
<LI><a href="#[391]">&gt;&gt;</a>&nbsp;&nbsp;&nbsp;_DrawBitLine1BPP
</UL>
<BR>[Address Reference Count : 1]<UL><LI> GUIDEV_32.o(.constdata)
</UL>
<P><STRONG><a name="[105]"></a>_DrawHLine</STRONG> (Thumb, 10 bytes, Stack size 8 bytes, GUIDEV_32.o(i._DrawHLine))
<BR><BR>[Stack]<UL><LI>Max Depth = 80<LI>Call Chain = _DrawHLine &rArr; _FillRect &rArr; GUI_USAGE_AddRect
</UL>
<BR>[Calls]<UL><LI><a href="#[107]">&gt;&gt;</a>&nbsp;&nbsp;&nbsp;_FillRect
</UL>
<BR>[Address Reference Count : 1]<UL><LI> GUIDEV_32.o(.constdata)
</UL>
<P><STRONG><a name="[106]"></a>_DrawVLine</STRONG> (Thumb, 166 bytes, Stack size 40 bytes, GUIDEV_32.o(i._DrawVLine))
<BR><BR>[Stack]<UL><LI>Max Depth = 56<LI>Call Chain = _DrawVLine &rArr; _XY2PTR
</UL>
<BR>[Calls]<UL><LI><a href="#[146]">&gt;&gt;</a>&nbsp;&nbsp;&nbsp;GUI_ALLOC_UnlockH
<LI><a href="#[145]">&gt;&gt;</a>&nbsp;&nbsp;&nbsp;GUI_ALLOC_LockH
<LI><a href="#[38f]">&gt;&gt;</a>&nbsp;&nbsp;&nbsp;_XY2PTR
</UL>
<BR>[Address Reference Count : 1]<UL><LI> GUIDEV_32.o(.constdata)
</UL>
<P><STRONG><a name="[107]"></a>_FillRect</STRONG> (Thumb, 160 bytes, Stack size 48 bytes, GUIDEV_32.o(i._FillRect))
<BR><BR>[Stack]<UL><LI>Max Depth = 72<LI>Call Chain = _FillRect &rArr; GUI_USAGE_AddRect
</UL>
<BR>[Calls]<UL><LI><a href="#[146]">&gt;&gt;</a>&nbsp;&nbsp;&nbsp;GUI_ALLOC_UnlockH
<LI><a href="#[145]">&gt;&gt;</a>&nbsp;&nbsp;&nbsp;GUI_ALLOC_LockH
<LI><a href="#[38a]">&gt;&gt;</a>&nbsp;&nbsp;&nbsp;GUI_USAGE_AddRect
<LI><a href="#[38f]">&gt;&gt;</a>&nbsp;&nbsp;&nbsp;_XY2PTR
</UL>
<BR>[Called By]<UL><LI><a href="#[105]">&gt;&gt;</a>&nbsp;&nbsp;&nbsp;_DrawHLine
</UL>
<BR>[Address Reference Count : 1]<UL><LI> GUIDEV_32.o(.constdata)
</UL>
<P><STRONG><a name="[10e]"></a>_GetDevData</STRONG> (Thumb, 12 bytes, Stack size 0 bytes, GUIDEV_32.o(i._GetDevData))
<BR>[Address Reference Count : 1]<UL><LI> GUIDEV_32.o(.constdata)
</UL>
<P><STRONG><a name="[10c]"></a>_GetDevFunc</STRONG> (Thumb, 12 bytes, Stack size 0 bytes, GUIDEV_32.o(i._GetDevFunc))
<BR>[Address Reference Count : 1]<UL><LI> GUIDEV_32.o(.constdata)
</UL>
<P><STRONG><a name="[10d]"></a>_GetDevProp</STRONG> (Thumb, 12 bytes, Stack size 0 bytes, GUIDEV_32.o(i._GetDevProp))
<BR>[Address Reference Count : 1]<UL><LI> GUIDEV_32.o(.constdata)
</UL>
<P><STRONG><a name="[108]"></a>_GetPixelIndex</STRONG> (Thumb, 14 bytes, Stack size 8 bytes, GUIDEV_32.o(i._GetPixelIndex))
<BR><BR>[Stack]<UL><LI>Max Depth = 24<LI>Call Chain = _GetPixelIndex &rArr; _XY2PTR
</UL>
<BR>[Calls]<UL><LI><a href="#[38f]">&gt;&gt;</a>&nbsp;&nbsp;&nbsp;_XY2PTR
</UL>
<BR>[Address Reference Count : 1]<UL><LI> GUIDEV_32.o(.constdata)
</UL>
<P><STRONG><a name="[10f]"></a>_GetRect</STRONG> (Thumb, 52 bytes, Stack size 16 bytes, GUIDEV_32.o(i._GetRect))
<BR><BR>[Stack]<UL><LI>Max Depth = 16<LI>Call Chain = _GetRect
</UL>
<BR>[Calls]<UL><LI><a href="#[146]">&gt;&gt;</a>&nbsp;&nbsp;&nbsp;GUI_ALLOC_UnlockH
<LI><a href="#[145]">&gt;&gt;</a>&nbsp;&nbsp;&nbsp;GUI_ALLOC_LockH
</UL>
<BR>[Address Reference Count : 1]<UL><LI> GUIDEV_32.o(.constdata)
</UL>
<P><STRONG><a name="[10b]"></a>_SetOrg</STRONG> (Thumb, 8 bytes, Stack size 0 bytes, GUIDEV_32.o(i._SetOrg))
<BR>[Address Reference Count : 1]<UL><LI> GUIDEV_32.o(.constdata)
</UL>
<P><STRONG><a name="[109]"></a>_SetPixelIndex</STRONG> (Thumb, 66 bytes, Stack size 24 bytes, GUIDEV_32.o(i._SetPixelIndex))
<BR><BR>[Stack]<UL><LI>Max Depth = 40<LI>Call Chain = _SetPixelIndex &rArr; _XY2PTR
</UL>
<BR>[Calls]<UL><LI><a href="#[146]">&gt;&gt;</a>&nbsp;&nbsp;&nbsp;GUI_ALLOC_UnlockH
<LI><a href="#[145]">&gt;&gt;</a>&nbsp;&nbsp;&nbsp;GUI_ALLOC_LockH
<LI><a href="#[38f]">&gt;&gt;</a>&nbsp;&nbsp;&nbsp;_XY2PTR
</UL>
<BR>[Address Reference Count : 1]<UL><LI> GUIDEV_32.o(.constdata)
</UL>
<P><STRONG><a name="[38f]"></a>_XY2PTR</STRONG> (Thumb, 56 bytes, Stack size 16 bytes, GUIDEV_32.o(i._XY2PTR))
<BR><BR>[Stack]<UL><LI>Max Depth = 16<LI>Call Chain = _XY2PTR
</UL>
<BR>[Calls]<UL><LI><a href="#[146]">&gt;&gt;</a>&nbsp;&nbsp;&nbsp;GUI_ALLOC_UnlockH
<LI><a href="#[145]">&gt;&gt;</a>&nbsp;&nbsp;&nbsp;GUI_ALLOC_LockH
</UL>
<BR>[Called By]<UL><LI><a href="#[10a]">&gt;&gt;</a>&nbsp;&nbsp;&nbsp;_XorPixel
<LI><a href="#[109]">&gt;&gt;</a>&nbsp;&nbsp;&nbsp;_SetPixelIndex
<LI><a href="#[108]">&gt;&gt;</a>&nbsp;&nbsp;&nbsp;_GetPixelIndex
<LI><a href="#[107]">&gt;&gt;</a>&nbsp;&nbsp;&nbsp;_FillRect
<LI><a href="#[106]">&gt;&gt;</a>&nbsp;&nbsp;&nbsp;_DrawVLine
<LI><a href="#[104]">&gt;&gt;</a>&nbsp;&nbsp;&nbsp;_DrawBitmap
</UL>

<P><STRONG><a name="[10a]"></a>_XorPixel</STRONG> (Thumb, 82 bytes, Stack size 32 bytes, GUIDEV_32.o(i._XorPixel))
<BR><BR>[Stack]<UL><LI>Max Depth = 48<LI>Call Chain = _XorPixel &rArr; _XY2PTR
</UL>
<BR>[Calls]<UL><LI><a href="#[146]">&gt;&gt;</a>&nbsp;&nbsp;&nbsp;GUI_ALLOC_UnlockH
<LI><a href="#[145]">&gt;&gt;</a>&nbsp;&nbsp;&nbsp;GUI_ALLOC_LockH
<LI><a href="#[38f]">&gt;&gt;</a>&nbsp;&nbsp;&nbsp;_XY2PTR
</UL>
<BR>[Address Reference Count : 1]<UL><LI> GUIDEV_32.o(.constdata)
</UL>
<P><STRONG><a name="[111]"></a>GUI_USAGE_BM_AddHLine</STRONG> (Thumb, 116 bytes, Stack size 16 bytes, GUIDEV_UsageBM.o(i.GUI_USAGE_BM_AddHLine))
<BR><BR>[Stack]<UL><LI>Max Depth = 16<LI>Call Chain = GUI_USAGE_BM_AddHLine
</UL>
<BR>[Calls]<UL><LI><a href="#[128]">&gt;&gt;</a>&nbsp;&nbsp;&nbsp;__aeabi_memset
</UL>
<BR>[Address Reference Count : 1]<UL><LI> GUIDEV_UsageBM.o(.constdata)
</UL>
<P><STRONG><a name="[110]"></a>GUI_USAGE_BM_AddPixel</STRONG> (Thumb, 44 bytes, Stack size 8 bytes, GUIDEV_UsageBM.o(i.GUI_USAGE_BM_AddPixel))
<BR><BR>[Stack]<UL><LI>Max Depth = 8<LI>Call Chain = GUI_USAGE_BM_AddPixel
</UL>
<BR>[Address Reference Count : 1]<UL><LI> GUIDEV_UsageBM.o(.constdata)
</UL>
<P><STRONG><a name="[112]"></a>GUI_USAGE_BM_Clear</STRONG> (Thumb, 14 bytes, Stack size 0 bytes, GUIDEV_UsageBM.o(i.GUI_USAGE_BM_Clear))
<BR><BR>[Calls]<UL><LI><a href="#[18e]">&gt;&gt;</a>&nbsp;&nbsp;&nbsp;__aeabi_memclr4
</UL>
<BR>[Address Reference Count : 1]<UL><LI> GUIDEV_UsageBM.o(.constdata)
</UL>
<P><STRONG><a name="[114]"></a>GUI_USAGE_BM_GetNextDirty</STRONG> (Thumb, 154 bytes, Stack size 16 bytes, GUIDEV_UsageBM.o(i.GUI_USAGE_BM_GetNextDirty))
<BR><BR>[Stack]<UL><LI>Max Depth = 16<LI>Call Chain = GUI_USAGE_BM_GetNextDirty
</UL>
<BR>[Address Reference Count : 1]<UL><LI> GUIDEV_UsageBM.o(.constdata)
</UL>
<P><STRONG><a name="[113]"></a>_GUI_USAGE_BM_Delete</STRONG> (Thumb, 4 bytes, Stack size 0 bytes, GUIDEV_UsageBM.o(i._GUI_USAGE_BM_Delete))
<BR><BR>[Stack]<UL><LI>Max Depth = 40<LI>Call Chain = _GUI_USAGE_BM_Delete &rArr; GUI_ALLOC_Free &rArr; _AddFreeMemory &rArr; _RemoveFreeBlock
</UL>
<BR>[Calls]<UL><LI><a href="#[1be]">&gt;&gt;</a>&nbsp;&nbsp;&nbsp;GUI_ALLOC_Free
</UL>
<BR>[Address Reference Count : 1]<UL><LI> GUIDEV_UsageBM.o(.constdata)
</UL>
<P><STRONG><a name="[117]"></a>_DrawDown</STRONG> (Thumb, 16 bytes, Stack size 16 bytes, WIDGET_Effect_Simple.o(i._DrawDown))
<BR><BR>[Stack]<UL><LI>Max Depth = 336<LI>Call Chain = _DrawDown &rArr; _DrawDownRect &rArr; GUI_DrawRect &rArr; WM__InitIVRSearch &rArr; WM__GetNextIVR &rArr; WM__ActivateClipRect &rArr; _SetClipRectUserIntersect &rArr; LCD_SetClipRectEx &rArr; GUI__IntersectRects
</UL>
<BR>[Calls]<UL><LI><a href="#[1ee]">&gt;&gt;</a>&nbsp;&nbsp;&nbsp;WM_GetClientRect
<LI><a href="#[118]">&gt;&gt;</a>&nbsp;&nbsp;&nbsp;_DrawDownRect
</UL>
<BR>[Address Reference Count : 1]<UL><LI> WIDGET_Effect_Simple.o(.constdata)
</UL>
<P><STRONG><a name="[118]"></a>_DrawDownRect</STRONG> (Thumb, 50 bytes, Stack size 120 bytes, WIDGET_Effect_Simple.o(i._DrawDownRect))
<BR><BR>[Stack]<UL><LI>Max Depth = 320<LI>Call Chain = _DrawDownRect &rArr; GUI_DrawRect &rArr; WM__InitIVRSearch &rArr; WM__GetNextIVR &rArr; WM__ActivateClipRect &rArr; _SetClipRectUserIntersect &rArr; LCD_SetClipRectEx &rArr; GUI__IntersectRects
</UL>
<BR>[Calls]<UL><LI><a href="#[22a]">&gt;&gt;</a>&nbsp;&nbsp;&nbsp;GUI_SaveContext_W
<LI><a href="#[229]">&gt;&gt;</a>&nbsp;&nbsp;&nbsp;GUI_RestoreContext
<LI><a href="#[1ad]">&gt;&gt;</a>&nbsp;&nbsp;&nbsp;LCD_SetColor
<LI><a href="#[157]">&gt;&gt;</a>&nbsp;&nbsp;&nbsp;GUI_DrawRect
</UL>
<BR>[Called By]<UL><LI><a href="#[117]">&gt;&gt;</a>&nbsp;&nbsp;&nbsp;_DrawDown
</UL>
<BR>[Address Reference Count : 1]<UL><LI> WIDGET_Effect_Simple.o(.constdata)
</UL>
<P><STRONG><a name="[115]"></a>_DrawUp</STRONG> (Thumb, 16 bytes, Stack size 16 bytes, WIDGET_Effect_Simple.o(i._DrawUp))
<BR><BR>[Stack]<UL><LI>Max Depth = 336<LI>Call Chain = _DrawUp &rArr; _DrawUpRect &rArr; GUI_DrawRect &rArr; WM__InitIVRSearch &rArr; WM__GetNextIVR &rArr; WM__ActivateClipRect &rArr; _SetClipRectUserIntersect &rArr; LCD_SetClipRectEx &rArr; GUI__IntersectRects
</UL>
<BR>[Calls]<UL><LI><a href="#[1ee]">&gt;&gt;</a>&nbsp;&nbsp;&nbsp;WM_GetClientRect
<LI><a href="#[116]">&gt;&gt;</a>&nbsp;&nbsp;&nbsp;_DrawUpRect
</UL>
<BR>[Address Reference Count : 1]<UL><LI> WIDGET_Effect_Simple.o(.constdata)
</UL>
<P><STRONG><a name="[116]"></a>_DrawUpRect</STRONG> (Thumb, 50 bytes, Stack size 120 bytes, WIDGET_Effect_Simple.o(i._DrawUpRect))
<BR><BR>[Stack]<UL><LI>Max Depth = 320<LI>Call Chain = _DrawUpRect &rArr; GUI_DrawRect &rArr; WM__InitIVRSearch &rArr; WM__GetNextIVR &rArr; WM__ActivateClipRect &rArr; _SetClipRectUserIntersect &rArr; LCD_SetClipRectEx &rArr; GUI__IntersectRects
</UL>
<BR>[Calls]<UL><LI><a href="#[22a]">&gt;&gt;</a>&nbsp;&nbsp;&nbsp;GUI_SaveContext_W
<LI><a href="#[229]">&gt;&gt;</a>&nbsp;&nbsp;&nbsp;GUI_RestoreContext
<LI><a href="#[1ad]">&gt;&gt;</a>&nbsp;&nbsp;&nbsp;LCD_SetColor
<LI><a href="#[157]">&gt;&gt;</a>&nbsp;&nbsp;&nbsp;GUI_DrawRect
</UL>
<BR>[Called By]<UL><LI><a href="#[115]">&gt;&gt;</a>&nbsp;&nbsp;&nbsp;_DrawUp
</UL>
<BR>[Address Reference Count : 1]<UL><LI> WIDGET_Effect_Simple.o(.constdata)
</UL>
<P><STRONG><a name="[340]"></a>_BringToTop</STRONG> (Thumb, 106 bytes, Stack size 24 bytes, WM_BringToTop.o(i._BringToTop))
<BR><BR>[Stack]<UL><LI>Max Depth = 184<LI>Call Chain = _BringToTop &rArr; WM_InvalidateWindow &rArr; WM_InvalidateRect &rArr; WM__InvalidateRectEx &rArr; WM__InvalidateRect &rArr;  WM__InvalidateRect (Cycle)
</UL>
<BR>[Calls]<UL><LI><a href="#[34f]">&gt;&gt;</a>&nbsp;&nbsp;&nbsp;WM_ForEachDesc
<LI><a href="#[371]">&gt;&gt;</a>&nbsp;&nbsp;&nbsp;WM__RemoveWindowFromList
<LI><a href="#[342]">&gt;&gt;</a>&nbsp;&nbsp;&nbsp;WM__InsertWindowIntoList
<LI><a href="#[162]">&gt;&gt;</a>&nbsp;&nbsp;&nbsp;WM_InvalidateWindow
<LI><a href="#[146]">&gt;&gt;</a>&nbsp;&nbsp;&nbsp;GUI_ALLOC_UnlockH
<LI><a href="#[145]">&gt;&gt;</a>&nbsp;&nbsp;&nbsp;GUI_ALLOC_LockH
</UL>
<BR>[Called By]<UL><LI><a href="#[337]">&gt;&gt;</a>&nbsp;&nbsp;&nbsp;WM_BringToTop
</UL>

<P><STRONG><a name="[aa]"></a>_cbInvalidateOne</STRONG> (Thumb, 4 bytes, Stack size 0 bytes, WM_BringToTop.o(i._cbInvalidateOne))
<BR><BR>[Stack]<UL><LI>Max Depth = 160<LI>Call Chain = _cbInvalidateOne &rArr; WM_InvalidateWindow &rArr; WM_InvalidateRect &rArr; WM__InvalidateRectEx &rArr; WM__InvalidateRect &rArr;  WM__InvalidateRect (Cycle)
</UL>
<BR>[Calls]<UL><LI><a href="#[162]">&gt;&gt;</a>&nbsp;&nbsp;&nbsp;WM_InvalidateWindow
</UL>
<BR>[Address Reference Count : 1]<UL><LI> WM_BringToTop.o(i._BringToTop)
</UL>
<P><STRONG><a name="[1e5]"></a>_DrawGradient</STRONG> (Thumb, 340 bytes, Stack size 80 bytes, GUI_DrawGradient.o(i._DrawGradient))
<BR><BR>[Stack]<UL><LI>Max Depth = 96<LI>Call Chain = _DrawGradient &rArr; LCD_FillRect
</UL>
<BR>[Calls]<UL><LI><a href="#[1ad]">&gt;&gt;</a>&nbsp;&nbsp;&nbsp;LCD_SetColor
<LI><a href="#[1b9]">&gt;&gt;</a>&nbsp;&nbsp;&nbsp;GUI_GetColor
<LI><a href="#[1b7]">&gt;&gt;</a>&nbsp;&nbsp;&nbsp;LCD_FillRect
</UL>
<BR>[Called By]<UL><LI><a href="#[158]">&gt;&gt;</a>&nbsp;&nbsp;&nbsp;GUI_DrawGradientV
</UL>

<P><STRONG><a name="[231]"></a>_RemoveFromLinList</STRONG> (Thumb, 88 bytes, Stack size 24 bytes, GUI_Timer.o(i._RemoveFromLinList))
<BR><BR>[Stack]<UL><LI>Max Depth = 24<LI>Call Chain = _RemoveFromLinList
</UL>
<BR>[Calls]<UL><LI><a href="#[146]">&gt;&gt;</a>&nbsp;&nbsp;&nbsp;GUI_ALLOC_UnlockH
<LI><a href="#[145]">&gt;&gt;</a>&nbsp;&nbsp;&nbsp;GUI_ALLOC_LockH
</UL>
<BR>[Called By]<UL><LI><a href="#[230]">&gt;&gt;</a>&nbsp;&nbsp;&nbsp;GUI_TIMER_Delete
</UL>

<P><STRONG><a name="[232]"></a>_Unlink</STRONG> (Thumb, 74 bytes, Stack size 24 bytes, GUI_Timer.o(i._Unlink))
<BR><BR>[Stack]<UL><LI>Max Depth = 24<LI>Call Chain = _Unlink
</UL>
<BR>[Calls]<UL><LI><a href="#[146]">&gt;&gt;</a>&nbsp;&nbsp;&nbsp;GUI_ALLOC_UnlockH
<LI><a href="#[145]">&gt;&gt;</a>&nbsp;&nbsp;&nbsp;GUI_ALLOC_LockH
</UL>
<BR>[Called By]<UL><LI><a href="#[230]">&gt;&gt;</a>&nbsp;&nbsp;&nbsp;GUI_TIMER_Delete
</UL>

<P><STRONG><a name="[119]"></a>_Color2Index_0</STRONG> (Thumb, 84 bytes, Stack size 32 bytes, GUICC_0.o(i._Color2Index_0))
<BR><BR>[Stack]<UL><LI>Max Depth = 48<LI>Call Chain = _Color2Index_0 &rArr; LCD_GetNumColors &rArr; _GetDevProp
</UL>
<BR>[Calls]<UL><LI><a href="#[37f]">&gt;&gt;</a>&nbsp;&nbsp;&nbsp;GUI_CalcColorDist
<LI><a href="#[264]">&gt;&gt;</a>&nbsp;&nbsp;&nbsp;LCD_GetPalette
<LI><a href="#[261]">&gt;&gt;</a>&nbsp;&nbsp;&nbsp;LCD_GetNumColors
</UL>
<BR>[Address Reference Count : 1]<UL><LI> GUICC_0.o(.constdata)
</UL>
<P><STRONG><a name="[11b]"></a>_GetIndexMask_0</STRONG> (Thumb, 82 bytes, Stack size 8 bytes, GUICC_0.o(i._GetIndexMask_0))
<BR><BR>[Stack]<UL><LI>Max Depth = 24<LI>Call Chain = _GetIndexMask_0 &rArr; LCD_GetNumColors &rArr; _GetDevProp
</UL>
<BR>[Calls]<UL><LI><a href="#[261]">&gt;&gt;</a>&nbsp;&nbsp;&nbsp;LCD_GetNumColors
</UL>
<BR>[Address Reference Count : 1]<UL><LI> GUICC_0.o(.constdata)
</UL>
<P><STRONG><a name="[11a]"></a>_Index2Color_0</STRONG> (Thumb, 32 bytes, Stack size 16 bytes, GUICC_0.o(i._Index2Color_0))
<BR><BR>[Stack]<UL><LI>Max Depth = 32<LI>Call Chain = _Index2Color_0 &rArr; LCD_GetNumColors &rArr; _GetDevProp
</UL>
<BR>[Calls]<UL><LI><a href="#[264]">&gt;&gt;</a>&nbsp;&nbsp;&nbsp;LCD_GetPalette
<LI><a href="#[261]">&gt;&gt;</a>&nbsp;&nbsp;&nbsp;LCD_GetNumColors
</UL>
<BR>[Address Reference Count : 1]<UL><LI> GUICC_0.o(.constdata)
</UL>
<P><STRONG><a name="[11e]"></a>_Color2IndexBulk_M8888I</STRONG> (Thumb, 14 bytes, Stack size 8 bytes, GUICC_M8888I.o(i._Color2IndexBulk_M8888I))
<BR><BR>[Stack]<UL><LI>Max Depth = 8<LI>Call Chain = _Color2IndexBulk_M8888I
</UL>
<BR>[Address Reference Count : 1]<UL><LI> GUICC_M8888I.o(.constdata)
</UL>
<P><STRONG><a name="[11c]"></a>_Color2Index_M8888I</STRONG> (Thumb, 2 bytes, Stack size 0 bytes, GUICC_M8888I.o(i._Color2Index_M8888I))
<BR>[Address Reference Count : 1]<UL><LI> GUICC_M8888I.o(.constdata)
</UL>
<P><STRONG><a name="[11d]"></a>_GetIndexMask_M8888I</STRONG> (Thumb, 6 bytes, Stack size 0 bytes, GUICC_M8888I.o(i._GetIndexMask_M8888I))
<BR>[Address Reference Count : 1]<UL><LI> GUICC_M8888I.o(.constdata)
</UL>
<P><STRONG><a name="[11f]"></a>_Index2ColorBulk_M8888I</STRONG> (Thumb, 14 bytes, Stack size 8 bytes, GUICC_M8888I.o(i._Index2ColorBulk_M8888I))
<BR><BR>[Stack]<UL><LI>Max Depth = 8<LI>Call Chain = _Index2ColorBulk_M8888I
</UL>
<BR>[Address Reference Count : 1]<UL><LI> GUICC_M8888I.o(.constdata)
</UL>
<P><STRONG><a name="[95]"></a>_OnExit</STRONG> (Thumb, 36 bytes, Stack size 8 bytes, GUI__Alpha.o(i._OnExit))
<BR><BR>[Stack]<UL><LI>Max Depth = 8<LI>Call Chain = _OnExit
</UL>
<BR>[Calls]<UL><LI><a href="#[1d1]">&gt;&gt;</a>&nbsp;&nbsp;&nbsp;GUI_ALLOC_FreeFixedBlock
</UL>
<BR>[Address Reference Count : 1]<UL><LI> GUI__Alpha.o(i.GUI__GetAlphaBuffer)
</UL>
<P><STRONG><a name="[249]"></a>_DrawTwinArc4</STRONG> (Thumb, 370 bytes, Stack size 112 bytes, GUI__DrawTwinArc.o(i._DrawTwinArc4))
<BR><BR>[Stack]<UL><LI>Max Depth = 144<LI>Call Chain = _DrawTwinArc4 &rArr; _GetTwinArcPara
</UL>
<BR>[Calls]<UL><LI><a href="#[153]">&gt;&gt;</a>&nbsp;&nbsp;&nbsp;GUI_SetColor
<LI><a href="#[92]">&gt;&gt;</a>&nbsp;&nbsp;&nbsp;LCD_DrawHLine
<LI><a href="#[397]">&gt;&gt;</a>&nbsp;&nbsp;&nbsp;_GetTwinArcPara
</UL>
<BR>[Called By]<UL><LI><a href="#[152]">&gt;&gt;</a>&nbsp;&nbsp;&nbsp;GUI__DrawTwinArc4
</UL>

<P><STRONG><a name="[397]"></a>_GetTwinArcPara</STRONG> (Thumb, 84 bytes, Stack size 32 bytes, GUI__DrawTwinArc.o(i._GetTwinArcPara))
<BR><BR>[Stack]<UL><LI>Max Depth = 32<LI>Call Chain = _GetTwinArcPara
</UL>
<BR>[Calls]<UL><LI><a href="#[39f]">&gt;&gt;</a>&nbsp;&nbsp;&nbsp;GUI__sqrt32
</UL>
<BR>[Called By]<UL><LI><a href="#[249]">&gt;&gt;</a>&nbsp;&nbsp;&nbsp;_DrawTwinArc4
</UL>

<P><STRONG><a name="[220]"></a>_ClipX</STRONG> (Thumb, 64 bytes, Stack size 16 bytes, GUIDEV_WriteToActiveAlpha.o(i._ClipX))
<BR><BR>[Stack]<UL><LI>Max Depth = 16<LI>Call Chain = _ClipX
</UL>
<BR>[Called By]<UL><LI><a href="#[21f]">&gt;&gt;</a>&nbsp;&nbsp;&nbsp;_WriteToActiveAlpha
<LI><a href="#[be]">&gt;&gt;</a>&nbsp;&nbsp;&nbsp;GUI_MEMDEV__WriteToActiveAlpha
</UL>

<P><STRONG><a name="[221]"></a>_ClipY</STRONG> (Thumb, 64 bytes, Stack size 16 bytes, GUIDEV_WriteToActiveAlpha.o(i._ClipY))
<BR><BR>[Stack]<UL><LI>Max Depth = 16<LI>Call Chain = _ClipY
</UL>
<BR>[Called By]<UL><LI><a href="#[21f]">&gt;&gt;</a>&nbsp;&nbsp;&nbsp;_WriteToActiveAlpha
<LI><a href="#[be]">&gt;&gt;</a>&nbsp;&nbsp;&nbsp;GUI_MEMDEV__WriteToActiveAlpha
</UL>

<P><STRONG><a name="[21f]"></a>_WriteToActiveAlpha</STRONG> (Thumb, 314 bytes, Stack size 136 bytes, GUIDEV_WriteToActiveAlpha.o(i._WriteToActiveAlpha))
<BR><BR>[Stack]<UL><LI>Max Depth = 472<LI>Call Chain = _WriteToActiveAlpha &rArr; GUI__DoAlphaBlending &rArr; GUI__GetAlphaBuffer &rArr; GUI_ALLOC_GetFixedBlock &rArr; _InitOnce &rArr; _EnlargeBlocks &rArr; _Alloc &rArr;  _InitOnce (Cycle)
</UL>
<BR>[Calls]<UL><LI><a href="#[146]">&gt;&gt;</a>&nbsp;&nbsp;&nbsp;GUI_ALLOC_UnlockH
<LI><a href="#[145]">&gt;&gt;</a>&nbsp;&nbsp;&nbsp;GUI_ALLOC_LockH
<LI><a href="#[216]">&gt;&gt;</a>&nbsp;&nbsp;&nbsp;GUI_MEMDEV_GetDataPtr
<LI><a href="#[1b6]">&gt;&gt;</a>&nbsp;&nbsp;&nbsp;LCD_DrawBitmap
<LI><a href="#[23f]">&gt;&gt;</a>&nbsp;&nbsp;&nbsp;GUI__CompactPixelIndicesEx
<LI><a href="#[221]">&gt;&gt;</a>&nbsp;&nbsp;&nbsp;_ClipY
<LI><a href="#[220]">&gt;&gt;</a>&nbsp;&nbsp;&nbsp;_ClipX
<LI><a href="#[245]">&gt;&gt;</a>&nbsp;&nbsp;&nbsp;GUI__DoAlphaBlending
<LI><a href="#[23b]">&gt;&gt;</a>&nbsp;&nbsp;&nbsp;GUI__AllocAlphaBuffer
</UL>
<BR>[Called By]<UL><LI><a href="#[be]">&gt;&gt;</a>&nbsp;&nbsp;&nbsp;GUI_MEMDEV__WriteToActiveAlpha
</UL>

<P><STRONG><a name="[228]"></a>LCD_ReadRectEx</STRONG> (Thumb, 404 bytes, Stack size 64 bytes, LCD_ReadRect.o(i.LCD_ReadRectEx))
<BR><BR>[Stack]<UL><LI>Max Depth = 64<LI>Call Chain = LCD_ReadRectEx
</UL>
<BR>[Calls]<UL><LI><a href="#[246]">&gt;&gt;</a>&nbsp;&nbsp;&nbsp;GUI_GetBitsPerPixelEx
</UL>
<BR>[Called By]<UL><LI><a href="#[227]">&gt;&gt;</a>&nbsp;&nbsp;&nbsp;GUI_ReadRectEx
</UL>

<P><STRONG><a name="[3a7]"></a>_printf_core</STRONG> (Thumb, 436 bytes, Stack size 96 bytes, printf3.o(i._printf_core), UNUSED)
<BR><BR>[Calls]<UL><LI><a href="#[3a8]">&gt;&gt;</a>&nbsp;&nbsp;&nbsp;__aeabi_uidivmod
</UL>
<BR>[Called By]<UL><LI><a href="#[3a6]">&gt;&gt;</a>&nbsp;&nbsp;&nbsp;__0sprintf$3
</UL>

<P><STRONG><a name="[c1]"></a>_sputc</STRONG> (Thumb, 10 bytes, Stack size 0 bytes, printf3.o(i._sputc))
<BR><BR>[Called By]<UL><LI><a href="#[3a6]">&gt;&gt;</a>&nbsp;&nbsp;&nbsp;__0sprintf$3
</UL>
<BR>[Address Reference Count : 1]<UL><LI> printf3.o(i.__0sprintf$3)
</UL><P>
<H3>
Undefined Global Symbols
</H3><HR></body></html>
