<html>
<body>
<pre>
<h1>µVision Build Log</h1>
<h2>Tool Versions:</h2>
IDE-Version: ¦ÌVision V5.29.0.0
Copyright (C) 2019 ARM Ltd and ARM Germany GmbH. All rights reserved.
License Information: Frank Guan, Leader, LIC=9WSCY-ILWCS-9Y4V7-C67ZG-UGX93-RV7MJ
 
Tool Versions:
Toolchain:       MDK-ARM Plus  Version: 5.29.0.0
Toolchain Path:  C:\Keil_v5\ARM\ARMCC\Bin
C Compiler:      Armcc.exe V5.06 update 6 (build 750)
Assembler:       Armasm.exe V5.06 update 6 (build 750)
Linker/Locator:  ArmLink.exe V5.06 update 6 (build 750)
Library Manager: ArmAr.exe V5.06 update 6 (build 750)
Hex Converter:   FromElf.exe V5.06 update 6 (build 750)
CPU DLL:         SARMCM3.DLL V5.29.0.0
Dialog DLL:      DCM.DLL V1.17.3.0
Target DLL:      Segger\JL2CM3.dll V2.99.36.0
Dialog DLL:      TCM.DLL V1.36.5.0
 
<h2>Project:</h2>
C:\Users\gxg05\Desktop\base_rtos10.2-6 -²Ã¼ô - FC0\MDK\5509main_board.uvprojx
Project File Date:  03/31/2020

<h2>Output:</h2>
  
Warning: *** SUPPORT EXPIRED, NEW PRODUCT SERIAL NUMBER REQUIRED ***
         *** Running with Code Size Limit: 32K                   ***
*** Using Compiler 'V5.06 update 6 (build 750)', folder: 'C:\Keil_v5\ARM\ARMCC\Bin'
Build target '5509main_board'
compiling emwin_config.c...
linking...
Program Size: Code=103128 RO-data=8388 RW-data=948 ZI-data=30692  
"debug\host_msd_fatfs_freertos.out" - 0 Error(s), 1 Warning(s).

<h2>Software Packages used:</h2>

Package Vendor: Keil
                http://www.keil.com/pack/Keil.LPC54000_DFP.2.7.0.pack
                Keil.LPC54000_DFP.2.7.0
                NXP LPC54000 Series Device Support

<h2>Collection of Component include folders:</h2>
  .\RTE\_5509main_board
  C:\Users\gxg05\AppData\Local\Arm\Packs\Keil\LPC54000_DFP\2.7.0\Device\Include

<h2>Collection of Component Files used:</h2>
Build Time Elapsed:  00:00:02
</pre>
</body>
</html>
