<html>
<body>
<pre>
<h1>µVision Build Log</h1>
<h2>Tool Versions:</h2>
IDE-Version: ¦ÌVision V5.28.0.0
Copyright (C) 2019 ARM Ltd and ARM Germany GmbH. All rights reserved.
License Information: Frank Guan, Leader, LIC=9WSCY-ILWCS-9Y4V7-C67ZG-UGX93-RV7MJ
 
Tool Versions:
Toolchain:       MDK-ARM Plus  Version: 5.28.0.0
Toolchain Path:  C:\Keil_v5\ARM\ARMCC\Bin
C Compiler:      Armcc.exe V5.06 update 6 (build 750)
Assembler:       Armasm.exe V5.06 update 6 (build 750)
Linker/Locator:  ArmLink.exe V5.06 update 6 (build 750)
Library Manager: ArmAr.exe V5.06 update 6 (build 750)
Hex Converter:   FromElf.exe V5.06 update 6 (build 750)
CPU DLL:         SARMCM3.DLL V5.28.0.0
Dialog DLL:      DCM.DLL V1.17.3.0
Target DLL:      Segger\JL2CM3.dll V2.99.36.0
Dialog DLL:      TCM.DLL V1.36.2.0
 
<h2>Project:</h2>
C:\Users\gxg05\Desktop\5509code\base_rtos10.2-6 -²Ã¼ô - FC0\MDK\5509main_board.uvprojx
Project File Date:  04/03/2020

<h2>Output:</h2>
*** Using Compiler 'V5.06 update 6 (build 750)', folder: 'C:\Keil_v5\ARM\ARMCC\Bin'
Build target '5509main_board'
compiling tsc2046.c...
..\board\tsc2046.c(68): warning:  #940-D: missing return statement at end of non-void function "touch_init" 
  }
..\board\tsc2046.c(129): warning:  #940-D: missing return statement at end of non-void function "getX" 
  }
..\board\tsc2046.c(122): warning:  #550-D: variable "data16"  was set but never used
  		uint16_t data16 = 0;
..\board\tsc2046.c(132): warning:  #177-D: variable "xfer"  was declared but never referenced
      spi_transfer_t xfer            = {0};
..\board\tsc2046.c: 4 warnings, 0 errors
linking...
Program Size: Code=104872 RO-data=8440 RW-data=952 ZI-data=30724  
"debug\host_msd_fatfs_freertos.out" - 0 Error(s), 4 Warning(s).

<h2>Software Packages used:</h2>

Package Vendor: Keil
                http://www.keil.com/pack/Keil.LPC54000_DFP.2.7.0.pack
                Keil.LPC54000_DFP.2.7.0
                NXP LPC54000 Series Device Support

<h2>Collection of Component include folders:</h2>
  .\RTE\_5509main_board
  C:\Users\gxg05\AppData\Local\Arm\Packs\Keil\LPC54000_DFP\2.7.0\Device\Include

<h2>Collection of Component Files used:</h2>
Build Time Elapsed:  00:00:03
</pre>
</body>
</html>
